Loading anaconda
Activate conda env
tb21_22_2984_pats_22_vars_result_at_end_of_treatment_without_dr_reg
all_days_in_period
125
XGBoost
/data/gpfs/projects/punim2121/C-Path/outcome_prediction/outcome_prediction/s9_3_baseline_ML_models_functions.py:2136: SettingWithCopyWarning: 
A value is trying to be set on a copy of a slice from a DataFrame.
Try using .loc[row_indexer,col_indexer] = value instead

See the caveats in the documentation: https://pandas.pydata.org/pandas-docs/stable/user_guide/indexing.html#returning-a-view-versus-a-copy
  de_['RELAPSE']=de_['RELAPSE'].astype(float)
Extracting relapse information...
===========
 tb21_22_2984_pats_22_vars_result_at_end_of_treatment_without_dr_reg 

RESULT_AT_END_OF_TREATMENT  FAVOURABLE  UNFAVOURABLE
STUDYID                                             
TB-1021                           1384            46
TB-1022                           1442            55
pat_ids_ before arm check 2908
1211
Excluded 0 out of 1211 patients (0.0%)


=====================
XGBoost
tb21_22_2984_pats_22_vars_result_at_end_of_treatment_without_dr_reg - 125 - all_days_in_period - XGBoost
X_test_ids 241
X_train 946 X_test 238
all pats: 1184
train (946, 106)
test (238, 106)
X_test_ids 241
X_train 952 X_test 232
all pats: 1184
train (952, 106)
test (232, 106)
X_test_ids 243
X_train 946 X_test 238
all pats: 1184
train (946, 106)
test (238, 106)
X_test_ids 243
X_train 943 X_test 241
all pats: 1184
train (943, 106)
test (241, 106)
X_test_ids 241
X_train 948 X_test 236
all pats: 1184
train (948, 106)
test (236, 106)
X_test_ids 243
X_train 949 X_test 235
all pats: 1184
train (949, 106)
test (235, 106)
X_test_ids 242
X_train 947 X_test 237
all pats: 1184
train (947, 106)
test (237, 106)
X_test_ids 242
X_train 945 X_test 239
all pats: 1184
train (945, 106)
test (239, 106)
X_test_ids 242
X_train 947 X_test 237
all pats: 1184
train (947, 106)
test (237, 106)
X_test_ids 242
X_train 944 X_test 240
all pats: 1184
train (944, 106)
test (240, 106)
X_test_ids 242
X_train 949 X_test 235
all pats: 1184
train (949, 106)
test (235, 106)
X_test_ids 243
X_train 946 X_test 238
all pats: 1184
train (946, 106)
test (238, 106)
X_test_ids 243
X_train 947 X_test 237
all pats: 1184
train (947, 106)
test (237, 106)
X_test_ids 243
X_train 943 X_test 241
all pats: 1184
train (943, 106)
test (241, 106)
X_test_ids 243
X_train 950 X_test 234
all pats: 1184
train (950, 106)
test (234, 106)
X_test_ids 243
X_train 948 X_test 236
all pats: 1184
train (948, 106)
test (236, 106)
X_test_ids 241
X_train 948 X_test 236
all pats: 1184
train (948, 106)
test (236, 106)
X_test_ids 243
X_train 945 X_test 239
all pats: 1184
train (945, 106)
test (239, 106)
X_test_ids 242
X_train 942 X_test 242
all pats: 1184
train (942, 106)
test (242, 106)
X_test_ids 242
X_train 943 X_test 241
all pats: 1184
train (943, 106)
test (241, 106)
X_test_ids 242
X_train 946 X_test 238
all pats: 1184
train (946, 106)
test (238, 106)
X_test_ids 242
X_train 947 X_test 237
all pats: 1184
train (947, 106)
test (237, 106)
X_test_ids 243
X_train 944 X_test 240
all pats: 1184
train (944, 106)
test (240, 106)
X_test_ids 243
X_train 946 X_test 238
all pats: 1184
train (946, 106)
test (238, 106)
X_test_ids 243
X_train 945 X_test 239
all pats: 1184
train (945, 106)
test (239, 106)
Training duration:
Elapsed time:0 hours:2 minutes
