Loading anaconda
Activate conda env
tb21_22_2984_pats_22_vars_relapse_without_dr_reg_ext_pats
last_therapy_day
160
XGBoost
/data/gpfs/projects/punim2121/C-Path/outcome_prediction/outcome_prediction/s9_3_baseline_ML_models_functions.py:2136: SettingWithCopyWarning: 
A value is trying to be set on a copy of a slice from a DataFrame.
Try using .loc[row_indexer,col_indexer] = value instead

See the caveats in the documentation: https://pandas.pydata.org/pandas-docs/stable/user_guide/indexing.html#returning-a-view-versus-a-copy
  de_['RELAPSE']=de_['RELAPSE'].astype(float)
Extracting relapse information...
===========
 tb21_22_2984_pats_22_vars_relapse_without_dr_reg_ext_pats 

include_rifaquin False extended_pats True
Extracting relapse information...
RELAPSE     0    1
STUDYID           
TB-1021  1152  140
TB-1022  1085  121
pat_ids_ before arm check 1010
998
Excluded 0 out of 998 patients (0.0%)


=====================
XGBoost
tb21_22_2984_pats_22_vars_relapse_without_dr_reg_ext_pats - 160 - last_therapy_day - XGBoost
Including 166 out of 341 excluded patients.
X_test_ids 200
X_train 798 X_test 200
all pats: 998
train (798, 27)
test (200, 27)
excluded (166, 27)
X_test_ids 200
X_train 798 X_test 200
all pats: 998
train (798, 27)
test (200, 27)
excluded (166, 27)
X_test_ids 200
X_train 798 X_test 200
all pats: 998
train (798, 27)
test (200, 27)
excluded (166, 27)
X_test_ids 200
X_train 798 X_test 200
all pats: 998
train (798, 27)
test (200, 27)
excluded (166, 27)
X_test_ids 200
X_train 798 X_test 200
all pats: 998
train (798, 27)
test (200, 27)
excluded (166, 27)
X_test_ids 200
X_train 798 X_test 200
all pats: 998
train (798, 27)
test (200, 27)
excluded (166, 27)
X_test_ids 200
X_train 798 X_test 200
all pats: 998
train (798, 27)
test (200, 27)
excluded (166, 27)
X_test_ids 200
X_train 798 X_test 200
all pats: 998
train (798, 27)
test (200, 27)
excluded (166, 27)
X_test_ids 200
X_train 798 X_test 200
all pats: 998
train (798, 27)
test (200, 27)
excluded (166, 27)
X_test_ids 200
X_train 798 X_test 200
all pats: 998
train (798, 27)
test (200, 27)
excluded (166, 27)
X_test_ids 200
X_train 798 X_test 200
all pats: 998
train (798, 27)
test (200, 27)
excluded (166, 27)
X_test_ids 200
X_train 798 X_test 200
all pats: 998
train (798, 27)
test (200, 27)
excluded (166, 27)
X_test_ids 200
X_train 798 X_test 200
all pats: 998
train (798, 27)
test (200, 27)
excluded (166, 27)
X_test_ids 200
X_train 798 X_test 200
all pats: 998
train (798, 27)
test (200, 27)
excluded (166, 27)
X_test_ids 200
X_train 798 X_test 200
all pats: 998
train (798, 27)
test (200, 27)
excluded (166, 27)
X_test_ids 200
X_train 798 X_test 200
all pats: 998
train (798, 27)
test (200, 27)
excluded (166, 27)
X_test_ids 200
X_train 798 X_test 200
all pats: 998
train (798, 27)
test (200, 27)
excluded (166, 27)
X_test_ids 200
X_train 798 X_test 200
all pats: 998
train (798, 27)
test (200, 27)
excluded (166, 27)
X_test_ids 200
X_train 798 X_test 200
all pats: 998
train (798, 27)
test (200, 27)
excluded (166, 27)
X_test_ids 200
X_train 798 X_test 200
all pats: 998
train (798, 27)
test (200, 27)
excluded (166, 27)
X_test_ids 200
X_train 798 X_test 200
all pats: 998
train (798, 27)
test (200, 27)
excluded (166, 27)
X_test_ids 200
X_train 798 X_test 200
all pats: 998
train (798, 27)
test (200, 27)
excluded (166, 27)
X_test_ids 200
X_train 798 X_test 200
all pats: 998
train (798, 27)
test (200, 27)
excluded (166, 27)
X_test_ids 200
X_train 798 X_test 200
all pats: 998
train (798, 27)
test (200, 27)
excluded (166, 27)
X_test_ids 200
X_train 798 X_test 200
all pats: 998
train (798, 27)
test (200, 27)
excluded (166, 27)
Training duration:
Elapsed time:0 hours:3 minutes
