Loading anaconda
Activate conda env
tb21_22_2984_pats_22_vars_result_at_end_of_treatment_without_dr_reg_train_tb21
baseline_last_day
160
LogisticRegression
mean_pooling
data_inclusion_type_ ['baseline_last_day'] model_names_ ['LogisticRegression'] period_end_day_ [160]
tb21_22_2984_pats_22_vars_result_at_end_of_treatment_without_dr_reg_train_tb21
Training on 160 days of data
Loading embeddings of tb21_22_2984_pats_22_vars_result_at_end_of_treatment_without_dr_reg_train_tb21 data / BioMistral-7B_base /160 /baseline_last_day /autoenc False / mean_pooling model
Loading embeddings:   0%|          | 0/1 [00:00<?, ?set/s]Loading embeddings: 100%|██████████| 1/1 [00:01<00:00,  1.93s/set]Loading embeddings: 100%|██████████| 1/1 [00:01<00:00,  1.93s/set]

→ Loading: tb21_22_2984_pats_22_vars_result_at_end_of_treatment_without_dr_reg_train_tb21 | BioMistral-7B_base | 160 | baseline_last_day | autoenc=False | mean_pooling 
Loaded in 1.88 seconds. Dataframe shape: (2984, 4096)
+++++++
Running training with full model: 4096 vars
+++++++
  0%|          | 0/1 [00:00<?, ?model/s]
=====================
LogisticRegression
Parameters search results exist! load

Processing:   0%|          | 0/1 [00:00<?, ?cv_repeat/s][ARESULT_AT_END_OF_TREATMENT  0.0  1.0
STUDYID                             
TB-1021                     449   11
TB-1022                     712   25
Num of CV-repeat:1 - Model:LogisticRegression - Data inclusion type:baseline_last_day - Period:160 


Processing:   0%|          | 0/4 [00:00<?, ?parameter_set/s][A[A

Processing:  25%|██▌       | 1/4 [00:07<00:23,  7.90s/parameter_set][A[A

Processing:  50%|█████     | 2/4 [00:16<00:16,  8.44s/parameter_set][A[A

Processing:  75%|███████▌  | 3/4 [00:25<00:08,  8.65s/parameter_set][A[A

Processing: 100%|██████████| 4/4 [00:35<00:00,  9.00s/parameter_set][A[AProcessing: 100%|██████████| 4/4 [00:35<00:00,  8.79s/parameter_set]

Processing: 100%|██████████| 1/1 [00:35<00:00, 35.74s/cv_repeat][AProcessing: 100%|██████████| 1/1 [00:35<00:00, 35.74s/cv_repeat]
100%|██████████| 1/1 [00:35<00:00, 35.76s/model]100%|██████████| 1/1 [00:35<00:00, 35.76s/model]
CV test_score: [0.7888888888888889, 0.9666666666666667, 0.6444444444444444, 0.8944444444444445, 0.947565543071161]
CV train_score: [0.9851439182915506, 0.988857938718663, 0.9832869080779943, 0.9808108944599195, 0.9902777777777777]
CV test_score: [0.7555555555555555, 0.9777777777777777, 0.8388888888888889, 0.9111111111111111, 0.9400749063670413]
CV train_score: [0.9969049829774064, 0.9984524914887032, 0.9950479727638503, 0.9981429897864438, 0.9972222222222222]
CV test_score: [0.7444444444444445, 0.9777777777777777, 0.8666666666666667, 0.8777777777777778, 0.9438202247191011]
CV train_score: [0.9975239863819252, 0.9993809965954813, 0.9969049829774064, 1.0, 0.9972222222222222]
CV test_score: [0.7444444444444445, 0.9777777777777777, 0.8777777777777778, 0.8777777777777778, 0.9400749063670413]
CV train_score: [0.9975239863819252, 0.9993809965954813, 0.996595481275147, 1.0, 0.9972222222222222]
Training duration:
Elapsed time:0 hours:1 minutes seconds:1
