Loading anaconda
Activate conda env
tb21_22_2984_pats_22_vars_relapse_ext_pats_without_dr_reg_train_tb21
baseline_last_day
125
LogisticRegression
mean_pooling
data_inclusion_type_ ['baseline_last_day'] model_names_ ['LogisticRegression'] period_end_day_ [125]
Loading embeddings:   0%|          | 0/1 [00:00<?, ?set/s]Loading embeddings: 100%|██████████| 1/1 [00:02<00:00,  2.05s/set]Loading embeddings: 100%|██████████| 1/1 [00:02<00:00,  2.05s/set]

→ Loading: tb21_22_2984_pats_22_vars_relapse_ext_pats_without_dr_reg_train_tb21 | BioMistral-7B_base | 125 | baseline_last_day | autoenc=False | mean_pooling 
Loaded in 1.87 seconds.
tb21_22_2984_pats_22_vars_relapse_ext_pats_without_dr_reg_train_tb21
Training on 125 days of data
Loading embeddings of tb21_22_2984_pats_22_vars_relapse_ext_pats_without_dr_reg_train_tb21 data / BioMistral-7B_base /125 /baseline_last_day /autoenc False / mean_pooling model
include_rifaquin False extended_pats True
Extracting relapse information...
pats_with_fav 2237
pats_with_unfav 352
2589
+++++++
Running training with full model: 4096 vars
+++++++
  0%|          | 0/1 [00:00<?, ?model/s]
=====================
LogisticRegression
Parameters search results exist! load

Processing:   0%|          | 0/1 [00:00<?, ?cv_repeat/s][ARELAPSE     0    1
STUDYID           
TB-1021  1152  137
TB-1022  1081  121
Num of CV-repeat:1 - Model:LogisticRegression - Data inclusion type:baseline_last_day - Period:125 


Processing:   0%|          | 0/4 [00:00<?, ?parameter_set/s][A[A

Processing:  25%|██▌       | 1/4 [00:16<00:48, 16.07s/parameter_set][A[A

Processing:  50%|█████     | 2/4 [00:37<00:38, 19.12s/parameter_set][A[A

Processing:  75%|███████▌  | 3/4 [00:56<00:19, 19.09s/parameter_set][A[A

Processing: 100%|██████████| 4/4 [01:16<00:00, 19.53s/parameter_set][A[AProcessing: 100%|██████████| 4/4 [01:16<00:00, 19.15s/parameter_set]

Processing: 100%|██████████| 1/1 [01:17<00:00, 77.28s/cv_repeat][AProcessing: 100%|██████████| 1/1 [01:17<00:00, 77.28s/cv_repeat]
100%|██████████| 1/1 [01:17<00:00, 77.29s/model]100%|██████████| 1/1 [01:17<00:00, 77.29s/model]
CV test_score: [0.6862273528940196, 0.7038640371973706, 0.724223602484472, 0.6599378881987578, 0.6170692431561997]
CV train_score: [0.859776922317639, 0.8568551969203435, 0.8635296224800494, 0.8786443511313657, 0.8831887201735359]
CV test_score: [0.6520763187429854, 0.649671316337983, 0.6850931677018633, 0.5565217391304347, 0.5595813204508856]
CV train_score: [0.9488895469351496, 0.9486230381995855, 0.9539095305379212, 0.9660789269438197, 0.9639913232104121]
CV test_score: [0.6390893057559723, 0.6430976430976432, 0.6807453416149067, 0.5440993788819876, 0.5512077294685991]
CV train_score: [0.9580692922712467, 0.9579804560260586, 0.9630937929113017, 0.9735318115783399, 0.9704496154604615]
CV test_score: [0.6379669713003046, 0.6434183100849767, 0.68027950310559, 0.5437888198757764, 0.5492753623188406]
CV train_score: [0.95837528378245, 0.9587404994571118, 0.9637306215049056, 0.974218392405819, 0.970873594951686]
Training duration:
Elapsed time:0 hours:1 minutes seconds:54
