Loading anaconda
Activate conda env
tb21_22_2984_pats_22_vars_result_at_end_of_treatment_without_dr_reg_train_tb21
baseline_last_day
baseline
LogisticRegression
mean_pooling
data_inclusion_type_ ['baseline_last_day'] model_names_ ['LogisticRegression'] period_end_day_ ['baseline']
tb21_22_2984_pats_22_vars_result_at_end_of_treatment_without_dr_reg_train_tb21
Training on baseline days of data
Loading embeddings of tb21_22_2984_pats_22_vars_result_at_end_of_treatment_without_dr_reg_train_tb21 data / BioMistral-7B_base /baseline /baseline_last_day /autoenc False / mean_pooling model
Loading embeddings:   0%|          | 0/1 [00:00<?, ?set/s]Loading embeddings: 100%|██████████| 1/1 [00:01<00:00,  1.87s/set]Loading embeddings: 100%|██████████| 1/1 [00:01<00:00,  1.87s/set]

→ Loading: tb21_22_2984_pats_22_vars_result_at_end_of_treatment_without_dr_reg_train_tb21 | BioMistral-7B_base | baseline | baseline_last_day | autoenc=False | mean_pooling 
Loaded in 1.83 seconds. Dataframe shape: (2984, 4096)
+++++++
Running training with full model: 4096 vars
+++++++
  0%|          | 0/1 [00:00<?, ?model/s]
=====================
LogisticRegression
Parameters search results exist! load

Processing:   0%|          | 0/1 [00:00<?, ?cv_repeat/s][ARESULT_AT_END_OF_TREATMENT   0.0  1.0
STUDYID                              
TB-1021                     1382   46
TB-1022                     1392   54
Num of CV-repeat:1 - Model:LogisticRegression - Data inclusion type:baseline_last_day - Period:baseline 


Processing:   0%|          | 0/4 [00:00<?, ?parameter_set/s][A[A

Processing:  25%|██▌       | 1/4 [00:29<01:28, 29.36s/parameter_set][A[A

Processing:  50%|█████     | 2/4 [01:02<01:03, 31.53s/parameter_set][A[A

Processing:  75%|███████▌  | 3/4 [01:28<00:28, 28.96s/parameter_set][A[A

Processing: 100%|██████████| 4/4 [01:55<00:00, 28.14s/parameter_set][A[AProcessing: 100%|██████████| 4/4 [01:55<00:00, 28.79s/parameter_set]

Processing: 100%|██████████| 1/1 [01:55<00:00, 115.76s/cv_repeat][AProcessing: 100%|██████████| 1/1 [01:55<00:00, 115.76s/cv_repeat]
100%|██████████| 1/1 [01:55<00:00, 115.79s/model]100%|██████████| 1/1 [01:55<00:00, 115.79s/model]
CV test_score: [0.542719614921781, 0.6145206578419575, 0.5057971014492754, 0.49879227053140096, 0.501610305958132]
CV train_score: [0.9705760058701236, 0.9596673596673597, 0.8303697006228652, 0.9252235961096721, 0.9535702067347637]
CV test_score: [0.5302847974328119, 0.5679903730445246, 0.5231884057971015, 0.5849436392914653, 0.6461352657004831]
CV train_score: [1.0, 1.0, 1.0, 1.0, 1.0]
CV test_score: [0.5278780585639792, 0.5491375852386683, 0.5119565217391304, 0.5680354267310789, 0.6380837359098228]
CV train_score: [1.0, 1.0, 1.0, 1.0, 1.0]
CV test_score: [0.5298836742880064, 0.5483353389490573, 0.5065217391304347, 0.5652173913043478, 0.6409017713365539]
CV train_score: [1.0, 1.0, 1.0, 1.0, 1.0]
Training duration:
Elapsed time:0 hours:2 minutes seconds:20
