Loading anaconda
Activate conda env
tb21_22_2984_pats_22_vars_result_at_end_of_treatment_without_dr_reg_train_tb22
baseline_vars
62
LogisticRegression
mean_pooling
data_inclusion_type_ ['baseline_vars'] model_names_ ['LogisticRegression'] period_end_day_ [62]
Loading embeddings:   0%|          | 0/1 [00:00<?, ?set/s]Loading embeddings: 100%|██████████| 1/1 [00:02<00:00,  2.55s/set]Loading embeddings: 100%|██████████| 1/1 [00:02<00:00,  2.55s/set]

→ Loading: tb21_22_2984_pats_22_vars_result_at_end_of_treatment_without_dr_reg_train_tb22 | BioMistral-7B_base | 62 | baseline_vars | autoenc=False | mean_pooling 
Loaded in 2.34 seconds.
tb21_22_2984_pats_22_vars_result_at_end_of_treatment_without_dr_reg_train_tb22
Training on 62 days of data
Loading embeddings of tb21_22_2984_pats_22_vars_result_at_end_of_treatment_without_dr_reg_train_tb22 data / BioMistral-7B_base /62 /baseline_vars /autoenc False / mean_pooling model
+++++++
Running training with full model: 4096 vars
+++++++
  0%|          | 0/1 [00:00<?, ?model/s]
=====================
LogisticRegression
Parameters search results exist! load

Processing:   0%|          | 0/1 [00:00<?, ?cv_repeat/s][ARESULT_AT_END_OF_TREATMENT   0.0  1.0
STUDYID                              
TB-1021                     1383   46
TB-1022                     1435   54
Num of CV-repeat:1 - Model:LogisticRegression - Data inclusion type:baseline_vars - Period:62 


Processing:   0%|          | 0/4 [00:00<?, ?parameter_set/s][A[A

Processing:  25%|██▌       | 1/4 [00:26<01:19, 26.55s/parameter_set][A[A

Processing:  50%|█████     | 2/4 [01:02<01:03, 31.79s/parameter_set][A[A

Processing:  75%|███████▌  | 3/4 [01:30<00:30, 30.25s/parameter_set][A[A

Processing: 100%|██████████| 4/4 [02:00<00:00, 30.34s/parameter_set][A[AProcessing: 100%|██████████| 4/4 [02:00<00:00, 30.22s/parameter_set]

Processing: 100%|██████████| 1/1 [02:01<00:00, 121.74s/cv_repeat][AProcessing: 100%|██████████| 1/1 [02:01<00:00, 121.74s/cv_repeat]
100%|██████████| 1/1 [02:01<00:00, 121.75s/model]100%|██████████| 1/1 [02:01<00:00, 121.75s/model]
CV test_score: [0.617358251504593, 0.43205574912891986, 0.5229648400380108, 0.6350966107063668, 0.49825783972125437]
CV train_score: [0.9922615671339439, 0.9886962158658131, 0.9928085244307593, 0.9899724495583826, 0.9903983211910041]
CV test_score: [0.5863161229014888, 0.4564459930313588, 0.471967057332911, 0.6132404181184669, 0.5696864111498257]
CV train_score: [1.0, 0.9999594846446803, 1.0, 0.9997771655457418, 1.0]
CV test_score: [0.5787139689578714, 0.4637313905606588, 0.4659486854608806, 0.6050047513462148, 0.5808362369337979]
CV train_score: [1.0, 1.0, 1.0, 1.0, 1.0]
CV test_score: [0.578397212543554, 0.4618308520747545, 0.46594868546088053, 0.6037377256889451, 0.5860627177700348]
CV train_score: [1.0, 1.0, 1.0, 1.0, 1.0]
Training duration:
Elapsed time:0 hours:2 minutes seconds:27
