Loading anaconda
Activate conda env
tb21_22_2984_pats_22_vars_relapse_ext_pats_without_dr_reg_train_tb21
all_days
160
LogisticRegression
mean_pooling
data_inclusion_type_ ['all_days'] model_names_ ['LogisticRegression'] period_end_day_ [160]
Loading embeddings:   0%|          | 0/1 [00:00<?, ?set/s]Loading embeddings: 100%|██████████| 1/1 [00:02<00:00,  2.49s/set]Loading embeddings: 100%|██████████| 1/1 [00:02<00:00,  2.49s/set]

→ Loading: tb21_22_2984_pats_22_vars_relapse_ext_pats_without_dr_reg_train_tb21 | BioMistral-7B_base | 160 | all_days | autoenc=False | mean_pooling 
Loaded in 2.28 seconds.
tb21_22_2984_pats_22_vars_relapse_ext_pats_without_dr_reg_train_tb21
Training on 160 days of data
Loading embeddings of tb21_22_2984_pats_22_vars_relapse_ext_pats_without_dr_reg_train_tb21 data / BioMistral-7B_base /160 /all_days /autoenc False / mean_pooling model
include_rifaquin False extended_pats True
Extracting relapse information...
pats_with_fav 2237
pats_with_unfav 352
2589
+++++++
Running training with full model: 4096 vars
+++++++
  0%|          | 0/1 [00:00<?, ?model/s]
=====================
LogisticRegression
Parameters search results exist! load

Processing:   0%|          | 0/1 [00:00<?, ?cv_repeat/s][ARELAPSE    0   1
STUDYID         
TB-1021  402  15
TB-1022  544  37
Num of CV-repeat:1 - Model:LogisticRegression - Data inclusion type:all_days - Period:160 


Processing:   0%|          | 0/4 [00:00<?, ?parameter_set/s][A[A

Processing:  25%|██▌       | 1/4 [00:07<00:21,  7.11s/parameter_set][A[A

Processing:  50%|█████     | 2/4 [00:15<00:15,  7.96s/parameter_set][A[A

Processing:  75%|███████▌  | 3/4 [00:23<00:07,  7.99s/parameter_set][A[A

Processing: 100%|██████████| 4/4 [00:32<00:00,  8.23s/parameter_set][A[AProcessing: 100%|██████████| 4/4 [00:32<00:00,  8.08s/parameter_set]

Processing: 100%|██████████| 1/1 [00:33<00:00, 33.07s/cv_repeat][AProcessing: 100%|██████████| 1/1 [00:33<00:00, 33.07s/cv_repeat]
100%|██████████| 1/1 [00:33<00:00, 33.07s/model]100%|██████████| 1/1 [00:33<00:00, 33.07s/model]
CV test_score: [0.5349794238683128, 0.551440329218107, 0.8166666666666667, 0.3208333333333333, 0.5583333333333333]
CV train_score: [0.9989615784008308, 1.0, 0.9976708074534162, 0.9989648033126295, 0.9994824016563147]
CV test_score: [0.3168724279835391, 0.4444444444444444, 0.7125, 0.14166666666666664, 0.4208333333333333]
CV train_score: [1.0, 1.0, 1.0, 1.0, 1.0]
CV test_score: [0.23868312757201648, 0.42386831275720166, 0.6666666666666666, 0.16666666666666666, 0.3833333333333333]
CV train_score: [1.0, 1.0, 1.0, 1.0, 1.0]
CV test_score: [0.2345679012345679, 0.4156378600823046, 0.6541666666666666, 0.1708333333333333, 0.37083333333333335]
CV train_score: [1.0, 1.0, 1.0, 1.0, 1.0]
Training duration:
Elapsed time:0 hours:1 minutes seconds:20
