Loading anaconda
Activate conda env
tb21_22_2984_pats_22_vars_result_at_end_of_treatment_without_dr_reg_train_tb21
all_days
125
LogisticRegression
mean_pooling
data_inclusion_type_ ['all_days'] model_names_ ['LogisticRegression'] period_end_day_ [125]
tb21_22_2984_pats_22_vars_result_at_end_of_treatment_without_dr_reg_train_tb21
Training on 125 days of data
Loading embeddings of tb21_22_2984_pats_22_vars_result_at_end_of_treatment_without_dr_reg_train_tb21 data / BioMistral-7B_base /125 /all_days /autoenc False / mean_pooling model
Loading embeddings:   0%|          | 0/1 [00:00<?, ?set/s]Loading embeddings: 100%|██████████| 1/1 [00:01<00:00,  1.94s/set]Loading embeddings: 100%|██████████| 1/1 [00:01<00:00,  1.94s/set]

→ Loading: tb21_22_2984_pats_22_vars_result_at_end_of_treatment_without_dr_reg_train_tb21 | BioMistral-7B_base | 125 | all_days | autoenc=False | mean_pooling 
Loaded in 1.89 seconds. Dataframe shape: (2984, 4096)
+++++++
Running training with full model: 4096 vars
+++++++
  0%|          | 0/1 [00:00<?, ?model/s]
=====================
LogisticRegression
Parameters search results exist! load

Processing:   0%|          | 0/1 [00:00<?, ?cv_repeat/s][ARESULT_AT_END_OF_TREATMENT  0.0  1.0
STUDYID                             
TB-1021                     449   12
TB-1022                     714   33
Num of CV-repeat:1 - Model:LogisticRegression - Data inclusion type:all_days - Period:125 


Processing:   0%|          | 0/4 [00:00<?, ?parameter_set/s][A[A

Processing:  25%|██▌       | 1/4 [00:08<00:25,  8.52s/parameter_set][A[A

Processing:  50%|█████     | 2/4 [00:18<00:18,  9.33s/parameter_set][A[A

Processing:  75%|███████▌  | 3/4 [00:27<00:09,  9.15s/parameter_set][A[A

Processing: 100%|██████████| 4/4 [00:36<00:00,  9.32s/parameter_set][A[AProcessing: 100%|██████████| 4/4 [00:36<00:00,  9.23s/parameter_set]

Processing: 100%|██████████| 1/1 [00:37<00:00, 37.51s/cv_repeat][AProcessing: 100%|██████████| 1/1 [00:37<00:00, 37.51s/cv_repeat]
100%|██████████| 1/1 [00:37<00:00, 37.52s/model]100%|██████████| 1/1 [00:37<00:00, 37.52s/model]
CV test_score: [0.7851851851851852, 0.8388888888888889, 0.5277777777777778, 0.9444444444444444, 0.8576779026217229]
CV train_score: [1.0, 1.0, 0.9994428969359332, 1.0, 1.0]
CV test_score: [0.674074074074074, 0.7555555555555555, 0.6944444444444445, 0.9444444444444444, 0.6367041198501873]
CV train_score: [1.0, 1.0, 1.0, 1.0, 1.0]
CV test_score: [0.5925925925925926, 0.6888888888888889, 0.6611111111111112, 0.9166666666666666, 0.5955056179775281]
CV train_score: [1.0, 1.0, 1.0, 1.0, 1.0]
CV test_score: [0.5851851851851851, 0.6944444444444444, 0.6333333333333333, 0.9, 0.6179775280898876]
CV train_score: [1.0, 1.0, 1.0, 1.0, 1.0]
Training duration:
Elapsed time:0 hours:1 minutes seconds:3
