Loading anaconda
Activate conda env
tb21_22_2984_pats_22_vars_result_at_end_of_treatment_without_dr_reg_train_tb21
baseline_vars
160
LogisticRegression
mean_pooling
data_inclusion_type_ ['baseline_vars'] model_names_ ['LogisticRegression'] period_end_day_ [160]
tb21_22_2984_pats_22_vars_result_at_end_of_treatment_without_dr_reg_train_tb21
Training on 160 days of data
Loading embeddings of tb21_22_2984_pats_22_vars_result_at_end_of_treatment_without_dr_reg_train_tb21 data / BioMistral-7B_base /160 /baseline_vars /autoenc False / mean_pooling model
Loading embeddings:   0%|          | 0/1 [00:00<?, ?set/s]Loading embeddings: 100%|██████████| 1/1 [00:02<00:00,  2.00s/set]Loading embeddings: 100%|██████████| 1/1 [00:02<00:00,  2.00s/set]

→ Loading: tb21_22_2984_pats_22_vars_result_at_end_of_treatment_without_dr_reg_train_tb21 | BioMistral-7B_base | 160 | baseline_vars | autoenc=False | mean_pooling 
Loaded in 1.94 seconds. Dataframe shape: (2984, 4096)
+++++++
Running training with full model: 4096 vars
+++++++
  0%|          | 0/1 [00:00<?, ?model/s]
=====================
LogisticRegression
Parameters search results exist! load

Processing:   0%|          | 0/1 [00:00<?, ?cv_repeat/s][ARESULT_AT_END_OF_TREATMENT  0.0  1.0
STUDYID                             
TB-1021                     449   11
TB-1022                     712   25
Num of CV-repeat:1 - Model:LogisticRegression - Data inclusion type:baseline_vars - Period:160 


Processing:   0%|          | 0/4 [00:00<?, ?parameter_set/s][A[A

Processing:  25%|██▌       | 1/4 [00:08<00:24,  8.08s/parameter_set][A[A

Processing:  50%|█████     | 2/4 [00:17<00:17,  8.96s/parameter_set][A[A

Processing:  75%|███████▌  | 3/4 [00:26<00:08,  8.92s/parameter_set][A[A

Processing: 100%|██████████| 4/4 [00:35<00:00,  9.13s/parameter_set][A[AProcessing: 100%|██████████| 4/4 [00:35<00:00,  8.99s/parameter_set]

Processing: 100%|██████████| 1/1 [00:36<00:00, 36.59s/cv_repeat][AProcessing: 100%|██████████| 1/1 [00:36<00:00, 36.59s/cv_repeat]
100%|██████████| 1/1 [00:36<00:00, 36.62s/model]100%|██████████| 1/1 [00:36<00:00, 36.62s/model]
CV test_score: [0.5777777777777777, 0.46111111111111114, 0.9277777777777778, 0.8888888888888888, 0.6179775280898876]
CV train_score: [1.0, 1.0, 1.0, 1.0, 1.0]
CV test_score: [0.4555555555555556, 0.5333333333333333, 0.8500000000000001, 0.9833333333333333, 0.6029962546816479]
CV train_score: [1.0, 1.0, 1.0, 1.0, 1.0]
CV test_score: [0.4, 0.5388888888888889, 0.8333333333333334, 0.95, 0.44943820224719105]
CV train_score: [1.0, 1.0, 1.0, 1.0, 1.0]
CV test_score: [0.3888888888888889, 0.5388888888888889, 0.8277777777777777, 0.9333333333333333, 0.42696629213483145]
CV train_score: [1.0, 1.0, 1.0, 1.0, 1.0]
Training duration:
Elapsed time:0 hours:1 minutes seconds:3
