Loading anaconda
Activate conda env
tb21_22_2984_pats_22_vars_result_at_end_of_treatment_without_dr_reg_train_tb21
baseline_vars
125
LogisticRegression
data_inclusion_type_ ['baseline_vars'] model_names_ ['LogisticRegression'] period_end_day_ [125]
tb21_22_2984_pats_22_vars_result_at_end_of_treatment_without_dr_reg_train_tb21
Training on 125 days of data
Loading embeddings of tb21_22_2984_pats_22_vars_result_at_end_of_treatment_without_dr_reg_train_tb21 data / BioMistral-7B_base /125 /baseline_vars /autoenc False / mean_pooling model
Loading embeddings:   0%|          | 0/1 [00:00<?, ?set/s]Loading embeddings: 100%|██████████| 1/1 [00:02<00:00,  2.28s/set]Loading embeddings: 100%|██████████| 1/1 [00:02<00:00,  2.28s/set]

→ Loading: tb21_22_2984_pats_22_vars_result_at_end_of_treatment_without_dr_reg_train_tb21 | BioMistral-7B_base | 125 | baseline_vars | autoenc=False | mean_pooling 
Loaded in 2.22 seconds. Dataframe shape: (2984, 4096)
+++++++
Running training with full model: 4096 vars
+++++++
Processing:   0%|          | 0/1 [00:00<?, ?model/s]
=====================
LogisticRegression

Processing:   0%|          | 0/1 [00:00<?, ?cv_repeat/s][ARESULT_AT_END_OF_TREATMENT  0.0  1.0
STUDYID                             
TB-1021                     449   12
TB-1022                     714   33
Num of CV-repeat:1
Num of CV-repeat:1 - Model:LogisticRegression - Data inclusion type:baseline_vars - Period:125 - mean_pooling 


  0%|          | 0/1 [00:00<?, ?model/s][A[A

100%|██████████| 1/1 [00:59<00:00, 59.33s/model][A[A100%|██████████| 1/1 [00:59<00:00, 59.33s/model]

Processing: 100%|██████████| 1/1 [00:59<00:00, 59.97s/cv_repeat][AProcessing: 100%|██████████| 1/1 [00:59<00:00, 59.97s/cv_repeat]
Processing: 100%|██████████| 1/1 [00:59<00:00, 60.00s/model]Processing: 100%|██████████| 1/1 [01:00<00:00, 60.00s/model]
CV test_score: [0.5407407407407407, 0.6333333333333333, 0.7666666666666666, 0.5111111111111111, 0.6067415730337078]
CV train_score: [1.0, 1.0, 1.0, 1.0, 1.0]
Calcu;ating conf metrics
Training duration:
Elapsed time:0 hours:1 minutes seconds:32
