Loading anaconda
Activate conda env
tb21_22_2984_pats_22_vars_result_at_end_of_treatment_without_dr_reg_train_tb22
baseline_last_day
93
LogisticRegression
data_inclusion_type_ ['baseline_last_day'] model_names_ ['LogisticRegression'] period_end_day_ [93]
tb21_22_2984_pats_22_vars_result_at_end_of_treatment_without_dr_reg_train_tb22
Training on 93 days of data
Loading embeddings of tb21_22_2984_pats_22_vars_result_at_end_of_treatment_without_dr_reg_train_tb22 data / BioMistral-7B_base /93 /baseline_last_day /autoenc False / mean_pooling model
Loading embeddings:   0%|          | 0/1 [00:00<?, ?set/s]Loading embeddings: 100%|██████████| 1/1 [00:02<00:00,  2.16s/set]Loading embeddings: 100%|██████████| 1/1 [00:02<00:00,  2.16s/set]

→ Loading: tb21_22_2984_pats_22_vars_result_at_end_of_treatment_without_dr_reg_train_tb22 | BioMistral-7B_base | 93 | baseline_last_day | autoenc=False | mean_pooling 
Loaded in 2.10 seconds. Dataframe shape: (2984, 4096)
+++++++
Running training with full model: 4096 vars
+++++++
Processing:   0%|          | 0/1 [00:00<?, ?model/s]
=====================
LogisticRegression

Processing:   0%|          | 0/1 [00:00<?, ?cv_repeat/s][ARESULT_AT_END_OF_TREATMENT   0.0  1.0
STUDYID                              
TB-1021                     1383   46
TB-1022                     1436   53
Num of CV-repeat:1
Num of CV-repeat:1 - Model:LogisticRegression - Data inclusion type:baseline_last_day - Period:93 - mean_pooling 


  0%|          | 0/1 [00:00<?, ?model/s][A[A

100%|██████████| 1/1 [03:22<00:00, 202.56s/model][A[A100%|██████████| 1/1 [03:22<00:00, 202.56s/model]

Processing: 100%|██████████| 1/1 [03:23<00:00, 203.26s/cv_repeat][AProcessing: 100%|██████████| 1/1 [03:23<00:00, 203.26s/cv_repeat]
Processing: 100%|██████████| 1/1 [03:23<00:00, 203.28s/model]Processing: 100%|██████████| 1/1 [03:23<00:00, 203.28s/model]
CV test_score: [0.7319444444444445, 0.8371872030408616, 0.7763699714919228, 0.8083623693379791, 0.8766550522648084]
CV train_score: [0.9892431731626287, 0.9912138919971818, 0.9912138919971819, 0.9927680384599444, 0.9920456615459348]
Calcu;ating conf metrics
Training duration:
Elapsed time:0 hours:3 minutes seconds:50
