Loading anaconda
Activate conda env
tb21_22_2984_pats_22_vars_result_at_end_of_treatment_without_dr_reg_train_tb22
all_days
62
LogisticRegression
data_inclusion_type_ ['all_days'] model_names_ ['LogisticRegression'] period_end_day_ [62]
tb21_22_2984_pats_22_vars_result_at_end_of_treatment_without_dr_reg_train_tb22
Training on 62 days of data
Loading embeddings of tb21_22_2984_pats_22_vars_result_at_end_of_treatment_without_dr_reg_train_tb22 data / BioMistral-7B_base /62 /all_days /autoenc False / mean_pooling model
Loading embeddings:   0%|          | 0/1 [00:00<?, ?set/s]Loading embeddings: 100%|██████████| 1/1 [00:02<00:00,  2.21s/set]Loading embeddings: 100%|██████████| 1/1 [00:02<00:00,  2.21s/set]

→ Loading: tb21_22_2984_pats_22_vars_result_at_end_of_treatment_without_dr_reg_train_tb22 | BioMistral-7B_base | 62 | all_days | autoenc=False | mean_pooling 
Loaded in 2.15 seconds. Dataframe shape: (2984, 4096)
+++++++
Running training with full model: 4096 vars
+++++++
Processing:   0%|          | 0/1 [00:00<?, ?model/s]
=====================
LogisticRegression

Processing:   0%|          | 0/1 [00:00<?, ?cv_repeat/s][ARESULT_AT_END_OF_TREATMENT   0.0  1.0
STUDYID                              
TB-1021                     1383   46
TB-1022                     1435   54
Num of CV-repeat:1
Num of CV-repeat:1 - Model:LogisticRegression - Data inclusion type:all_days - Period:62 - mean_pooling 


  0%|          | 0/1 [00:00<?, ?model/s][A[A

100%|██████████| 1/1 [03:34<00:00, 214.45s/model][A[A100%|██████████| 1/1 [03:34<00:00, 214.45s/model]

Processing: 100%|██████████| 1/1 [03:35<00:00, 215.14s/cv_repeat][AProcessing: 100%|██████████| 1/1 [03:35<00:00, 215.14s/cv_repeat]
Processing: 100%|██████████| 1/1 [03:35<00:00, 215.17s/model]Processing: 100%|██████████| 1/1 [03:35<00:00, 215.17s/model]
CV test_score: [0.4336395312005068, 0.515045929680076, 0.3930947101678809, 0.48051948051948057, 0.6979094076655052]
CV train_score: [1.0, 0.9999594846446803, 1.0, 1.0, 0.9997030408615774]
Calcu;ating conf metrics
Training duration:
Elapsed time:0 hours:4 minutes seconds:2
