Loading anaconda
Activate conda env
tb21_22_2984_pats_22_vars_result_at_end_of_treatment_without_dr_reg_train_tb21
baseline_last_day
125
XGBoost
data_inclusion_type_ ['baseline_last_day'] model_names_ ['XGBoost'] period_end_day_ [125]
tb21_22_2984_pats_22_vars_result_at_end_of_treatment_without_dr_reg_train_tb21
Training on 125 days of data
Loading embeddings of tb21_22_2984_pats_22_vars_result_at_end_of_treatment_without_dr_reg_train_tb21 data / BioMistral-7B_base /125 /baseline_last_day /autoenc False / mean_pooling model
Loading embeddings:   0%|          | 0/1 [00:00<?, ?set/s]Loading embeddings: 100%|██████████| 1/1 [00:04<00:00,  4.18s/set]Loading embeddings: 100%|██████████| 1/1 [00:04<00:00,  4.18s/set]

→ Loading: tb21_22_2984_pats_22_vars_result_at_end_of_treatment_without_dr_reg_train_tb21 | BioMistral-7B_base | 125 | baseline_last_day | autoenc=False | mean_pooling 
Loaded in 4.14 seconds. Dataframe shape: (2984, 4096)
+++++++
Running training with full model: 4096 vars
+++++++
Processing:   0%|          | 0/1 [00:00<?, ?model/s]
=====================
XGBoost

Processing:   0%|          | 0/1 [00:00<?, ?cv_repeat/s][ARESULT_AT_END_OF_TREATMENT  0.0  1.0
STUDYID                             
TB-1021                     449   12
TB-1022                     714   33
Num of CV-repeat:1
Num of CV-repeat:1 - Model:XGBoost - Data inclusion type:baseline_last_day - Period:125 - mean_pooling 


  0%|          | 0/1 [00:00<?, ?model/s][A[A

100%|██████████| 1/1 [01:10<00:00, 70.29s/model][A[A100%|██████████| 1/1 [01:10<00:00, 70.29s/model]

Processing: 100%|██████████| 1/1 [01:10<00:00, 70.83s/cv_repeat][AProcessing: 100%|██████████| 1/1 [01:10<00:00, 70.83s/cv_repeat]
Processing: 100%|██████████| 1/1 [01:10<00:00, 70.86s/model]Processing: 100%|██████████| 1/1 [01:10<00:00, 70.86s/model]
CV test_score: [0.6333333333333333, 0.7444444444444445, 0.4666666666666667, 0.7833333333333333, 0.6367041198501873]
CV train_score: [1.0, 1.0, 1.0, 1.0, 1.0]
Calcu;ating conf metrics
Training duration:
Elapsed time:0 hours:1 minutes seconds:37
