Loading anaconda
Activate conda env
tb21_22_2984_pats_22_vars_result_at_end_of_treatment_without_dr_reg_train_tb22
baseline_vars
baseline
XGBoost
data_inclusion_type_ ['baseline_vars'] model_names_ ['XGBoost'] period_end_day_ ['baseline']
tb21_22_2984_pats_22_vars_result_at_end_of_treatment_without_dr_reg_train_tb22
Training on baseline days of data
Loading embeddings of tb21_22_2984_pats_22_vars_result_at_end_of_treatment_without_dr_reg_train_tb22 data / BioMistral-7B_base /baseline /baseline_vars /autoenc False / mean_pooling model
Loading embeddings:   0%|          | 0/1 [00:00<?, ?set/s]Loading embeddings: 100%|██████████| 1/1 [00:02<00:00,  2.19s/set]Loading embeddings: 100%|██████████| 1/1 [00:02<00:00,  2.19s/set]

→ Loading: tb21_22_2984_pats_22_vars_result_at_end_of_treatment_without_dr_reg_train_tb22 | BioMistral-7B_base | baseline | baseline_vars | autoenc=False | mean_pooling 
Loaded in 2.13 seconds. Dataframe shape: (2984, 4096)
+++++++
Running training with full model: 4096 vars
+++++++
Processing:   0%|          | 0/1 [00:00<?, ?model/s]
=====================
XGBoost

Processing:   0%|          | 0/1 [00:00<?, ?cv_repeat/s][ARESULT_AT_END_OF_TREATMENT   0.0  1.0
STUDYID                              
TB-1021                     1382   46
TB-1022                     1392   54
Num of CV-repeat:1
Num of CV-repeat:1 - Model:XGBoost - Data inclusion type:baseline_vars - Period:baseline - mean_pooling 


  0%|          | 0/1 [00:00<?, ?model/s][A[A

100%|██████████| 1/1 [01:57<00:00, 117.38s/model][A[A100%|██████████| 1/1 [01:57<00:00, 117.38s/model]

Processing: 100%|██████████| 1/1 [01:58<00:00, 118.00s/cv_repeat][AProcessing: 100%|██████████| 1/1 [01:58<00:00, 118.00s/cv_repeat]
Processing: 100%|██████████| 1/1 [01:58<00:00, 118.04s/model]Processing: 100%|██████████| 1/1 [01:58<00:00, 118.04s/model]
CV test_score: [0.4424894102313457, 0.5541218637992832, 0.4839764551994768, 0.5431654676258992, 0.4241334205362982]
CV train_score: [0.9999582105769029, 0.9997958016825941, 0.9999164961797002, 1.0, 0.9998956202246253]
Calcu;ating conf metrics
Training duration:
Elapsed time:0 hours:2 minutes seconds:22
