Loading anaconda
Activate conda env
tb21_22_2984_pats_22_vars_result_at_end_of_treatment_without_dr_reg_train_tb21
baseline_last_day
baseline
LogisticRegression
data_inclusion_type_ ['baseline_last_day'] model_names_ ['LogisticRegression'] period_end_day_ ['baseline']
tb21_22_2984_pats_22_vars_result_at_end_of_treatment_without_dr_reg_train_tb21
Training on baseline days of data
Loading embeddings of tb21_22_2984_pats_22_vars_result_at_end_of_treatment_without_dr_reg_train_tb21 data / BioMistral-7B_base /baseline /baseline_last_day /autoenc False / mean_pooling model
Loading embeddings:   0%|          | 0/1 [00:00<?, ?set/s]Loading embeddings: 100%|██████████| 1/1 [00:02<00:00,  2.26s/set]Loading embeddings: 100%|██████████| 1/1 [00:02<00:00,  2.26s/set]

→ Loading: tb21_22_2984_pats_22_vars_result_at_end_of_treatment_without_dr_reg_train_tb21 | BioMistral-7B_base | baseline | baseline_last_day | autoenc=False | mean_pooling 
Loaded in 2.19 seconds. Dataframe shape: (2984, 4096)
+++++++
Running training with full model: 4096 vars
+++++++
Processing:   0%|          | 0/1 [00:00<?, ?model/s]
=====================
LogisticRegression

Processing:   0%|          | 0/1 [00:00<?, ?cv_repeat/s][ARESULT_AT_END_OF_TREATMENT   0.0  1.0
STUDYID                              
TB-1021                     1382   46
TB-1022                     1392   54
Num of CV-repeat:1
Num of CV-repeat:1 - Model:LogisticRegression - Data inclusion type:baseline_last_day - Period:baseline - mean_pooling 


  0%|          | 0/1 [00:00<?, ?model/s][A[A

100%|██████████| 1/1 [03:40<00:00, 220.19s/model][A[A100%|██████████| 1/1 [03:40<00:00, 220.19s/model]

Processing: 100%|██████████| 1/1 [03:40<00:00, 220.87s/cv_repeat][AProcessing: 100%|██████████| 1/1 [03:40<00:00, 220.87s/cv_repeat]
Processing: 100%|██████████| 1/1 [03:40<00:00, 220.90s/model]Processing: 100%|██████████| 1/1 [03:40<00:00, 220.90s/model]
CV test_score: [0.4255916566385881, 0.5948656237464901, 0.5760869565217391, 0.6115136876006442, 0.6541867954911433]
CV train_score: [1.0, 1.0, 1.0, 1.0, 1.0]
Calcu;ating conf metrics
Training duration:
Elapsed time:0 hours:4 minutes seconds:8
