Loading anaconda
Activate conda env
tb21_22_2984_pats_22_vars_result_at_end_of_treatment_without_dr_reg_train_tb22
all_days
93
LogisticRegression
data_inclusion_type_ ['all_days'] model_names_ ['LogisticRegression'] period_end_day_ [93]
tb21_22_2984_pats_22_vars_result_at_end_of_treatment_without_dr_reg_train_tb22
Training on 93 days of data
Loading embeddings of tb21_22_2984_pats_22_vars_result_at_end_of_treatment_without_dr_reg_train_tb22 data / BioMistral-7B_base /93 /all_days /autoenc False / mean_pooling model
Loading embeddings:   0%|          | 0/1 [00:00<?, ?set/s]Loading embeddings: 100%|██████████| 1/1 [00:02<00:00,  2.39s/set]Loading embeddings: 100%|██████████| 1/1 [00:02<00:00,  2.39s/set]

→ Loading: tb21_22_2984_pats_22_vars_result_at_end_of_treatment_without_dr_reg_train_tb22 | BioMistral-7B_base | 93 | all_days | autoenc=False | mean_pooling 
Loaded in 2.32 seconds. Dataframe shape: (2984, 4096)
+++++++
Running training with full model: 4096 vars
+++++++
Processing:   0%|          | 0/1 [00:00<?, ?model/s]
=====================
LogisticRegression

Processing:   0%|          | 0/1 [00:00<?, ?cv_repeat/s][ARESULT_AT_END_OF_TREATMENT   0.0  1.0
STUDYID                              
TB-1021                     1383   46
TB-1022                     1436   53
Num of CV-repeat:1
Num of CV-repeat:1 - Model:LogisticRegression - Data inclusion type:all_days - Period:93 - mean_pooling 


  0%|          | 0/1 [00:00<?, ?model/s][A[A

100%|██████████| 1/1 [03:24<00:00, 204.33s/model][A[A100%|██████████| 1/1 [03:24<00:00, 204.33s/model]

Processing: 100%|██████████| 1/1 [03:25<00:00, 205.02s/cv_repeat][AProcessing: 100%|██████████| 1/1 [03:25<00:00, 205.02s/cv_repeat]
Processing: 100%|██████████| 1/1 [03:25<00:00, 205.05s/model]Processing: 100%|██████████| 1/1 [03:25<00:00, 205.05s/model]
CV test_score: [0.6072916666666668, 0.6876781754830535, 0.40386442825467217, 0.5115616091225847, 0.654006968641115]
CV train_score: [0.9931529049509764, 0.9956069459985909, 0.9959384972439802, 0.9947573459322806, 0.9935231849737892]
Calcu;ating conf metrics
Training duration:
Elapsed time:0 hours:3 minutes seconds:52
