Loading anaconda
Activate conda env
tb21_22_2984_pats_22_vars_result_at_end_of_treatment_without_dr_reg_train_tb21
all_days
125
LogisticRegression
data_inclusion_type_ ['all_days'] model_names_ ['LogisticRegression'] period_end_day_ [125]
tb21_22_2984_pats_22_vars_result_at_end_of_treatment_without_dr_reg_train_tb21
Training on 125 days of data
Loading embeddings of tb21_22_2984_pats_22_vars_result_at_end_of_treatment_without_dr_reg_train_tb21 data / BioMistral-7B_base /125 /all_days /autoenc False / mean_pooling model
Loading embeddings:   0%|          | 0/1 [00:00<?, ?set/s]Loading embeddings: 100%|██████████| 1/1 [00:02<00:00,  2.25s/set]Loading embeddings: 100%|██████████| 1/1 [00:02<00:00,  2.25s/set]

→ Loading: tb21_22_2984_pats_22_vars_result_at_end_of_treatment_without_dr_reg_train_tb21 | BioMistral-7B_base | 125 | all_days | autoenc=False | mean_pooling 
Loaded in 2.19 seconds. Dataframe shape: (2984, 4096)
+++++++
Running training with full model: 4096 vars
+++++++
Processing:   0%|          | 0/1 [00:00<?, ?model/s]
=====================
LogisticRegression

Processing:   0%|          | 0/1 [00:00<?, ?cv_repeat/s][ARESULT_AT_END_OF_TREATMENT  0.0  1.0
STUDYID                             
TB-1021                     449   12
TB-1022                     714   33
Num of CV-repeat:1
Num of CV-repeat:1 - Model:LogisticRegression - Data inclusion type:all_days - Period:125 - mean_pooling 


  0%|          | 0/1 [00:00<?, ?model/s][A[A

100%|██████████| 1/1 [00:59<00:00, 59.42s/model][A[A100%|██████████| 1/1 [00:59<00:00, 59.42s/model]

Processing: 100%|██████████| 1/1 [01:00<00:00, 60.05s/cv_repeat][AProcessing: 100%|██████████| 1/1 [01:00<00:00, 60.05s/cv_repeat]
Processing: 100%|██████████| 1/1 [01:00<00:00, 60.07s/model]Processing: 100%|██████████| 1/1 [01:00<00:00, 60.07s/model]
CV test_score: [0.9074074074074073, 0.8111111111111111, 0.8555555555555556, 0.6722222222222223, 0.8277153558052435]
CV train_score: [0.9996904982977407, 1.0, 0.9994428969359332, 1.0, 1.0]
Calcu;ating conf metrics
Training duration:
Elapsed time:0 hours:1 minutes seconds:31
