Loading anaconda
Activate conda env
tb21_22_2984_pats_22_vars_result_at_end_of_treatment_without_dr_reg_train_tb22
baseline_vars
31
LogisticRegression
data_inclusion_type_ ['baseline_vars'] model_names_ ['LogisticRegression'] period_end_day_ [31]
tb21_22_2984_pats_22_vars_result_at_end_of_treatment_without_dr_reg_train_tb22
Training on 31 days of data
Loading embeddings of tb21_22_2984_pats_22_vars_result_at_end_of_treatment_without_dr_reg_train_tb22 data / BioMistral-7B_base /31 /baseline_vars /autoenc False / mean_pooling model
Loading embeddings:   0%|          | 0/1 [00:00<?, ?set/s]Loading embeddings: 100%|██████████| 1/1 [00:01<00:00,  1.81s/set]Loading embeddings: 100%|██████████| 1/1 [00:01<00:00,  1.81s/set]

→ Loading: tb21_22_2984_pats_22_vars_result_at_end_of_treatment_without_dr_reg_train_tb22 | BioMistral-7B_base | 31 | baseline_vars | autoenc=False | mean_pooling 
Loaded in 1.76 seconds. Dataframe shape: (2984, 4096)
+++++++
Running training with full model: 4096 vars
+++++++
Processing:   0%|          | 0/1 [00:00<?, ?model/s]
=====================
LogisticRegression

Processing:   0%|          | 0/1 [00:00<?, ?cv_repeat/s][ARESULT_AT_END_OF_TREATMENT   0.0  1.0
STUDYID                              
TB-1021                     1382   46
TB-1022                     1395   54
Num of CV-repeat:1
Num of CV-repeat:1 - Model:LogisticRegression - Data inclusion type:baseline_vars - Period:31 - mean_pooling 


  0%|          | 0/1 [00:00<?, ?model/s][A[A

100%|██████████| 1/1 [02:48<00:00, 168.08s/model][A[A100%|██████████| 1/1 [02:48<00:00, 168.08s/model]

Processing: 100%|██████████| 1/1 [02:48<00:00, 168.63s/cv_repeat][AProcessing: 100%|██████████| 1/1 [02:48<00:00, 168.63s/cv_repeat]
Processing: 100%|██████████| 1/1 [02:48<00:00, 168.64s/model]Processing: 100%|██████████| 1/1 [02:48<00:00, 168.64s/model]
CV test_score: [0.5350276963180189, 0.5793418051482567, 0.462039752362333, 0.5366568914956011, 0.4225806451612904]
CV train_score: [0.9994790364257732, 0.999729098941402, 0.999749937484371, 0.9998124531132784, 0.9997556207233627]
Calcu;ating conf metrics
Training duration:
Elapsed time:0 hours:3 minutes seconds:11
