Loading anaconda
Activate conda env
tb21_22_2984_pats_22_vars_relapse_ext_pats_without_dr_reg_train_tb21
last_therapy_day
125
XGBoost
/data/gpfs/projects/punim2121/C-Path/outcome_prediction/outcome_prediction/s9_3_baseline_ML_models_functions.py:2136: SettingWithCopyWarning: 
A value is trying to be set on a copy of a slice from a DataFrame.
Try using .loc[row_indexer,col_indexer] = value instead

See the caveats in the documentation: https://pandas.pydata.org/pandas-docs/stable/user_guide/indexing.html#returning-a-view-versus-a-copy
  de_['RELAPSE']=de_['RELAPSE'].astype(float)
Extracting relapse information...
===========
 tb21_22_2984_pats_22_vars_relapse_ext_pats_without_dr_reg_train_tb21 

include_rifaquin False extended_pats True
Extracting relapse information...
RELAPSE     0    1
STUDYID           
TB-1021  1152  140
TB-1022  1085  121
pat_ids_ before arm check 2492
pat_ids_: 2492
Excluded 0 out of 2492 patients (0.0%)

Processing:   0%|          | 0/1 [00:00<?, ?model/s]
=====================
XGBoost
RELAPSE     0    1
STUDYID           
TB-1021  1152  137
TB-1022  1081  121
pat_ids_ 2492 final_pat_ids_for_anal 2491
tb21_22_2984_pats_22_vars_relapse_ext_pats_without_dr_reg_train_tb21 - period:125 - last_therapy_day model: XGBoost - 27 vars
Num of CV-repeat:1

Processing:   0%|          | 0/1 [00:00<?, ?model/s][A
Processing: 100%|██████████| 1/1 [00:02<00:00,  2.43s/model][AProcessing: 100%|██████████| 1/1 [00:02<00:00,  2.43s/model]
Processing: 100%|██████████| 1/1 [00:03<00:00,  3.75s/model]Processing: 100%|██████████| 1/1 [00:03<00:00,  3.75s/model]
Training duration:
Elapsed time:0 hours:0 minutes
