Loading anaconda
Activate conda env
tb21_22_2984_pats_22_vars_result_at_end_of_treatment_without_dr_reg_train_tb21
all_days
baseline
LogisticRegression
data_inclusion_type_ ['all_days'] model_names_ ['LogisticRegression'] period_end_day_ ['baseline']
Loading embeddings:   0%|          | 0/1 [00:00<?, ?set/s]Loading embeddings: 100%|██████████| 1/1 [00:02<00:00,  2.45s/set]Loading embeddings: 100%|██████████| 1/1 [00:02<00:00,  2.45s/set]

→ Loading: tb21_22_2984_pats_22_vars_result_at_end_of_treatment_without_dr_reg_train_tb21 | BioMistral-7B_base | baseline | all_days | autoenc=False | mean_pooling 
Loaded in 2.24 seconds.
tb21_22_2984_pats_22_vars_result_at_end_of_treatment_without_dr_reg_train_tb21
Training on baseline days of data
Loading embeddings of tb21_22_2984_pats_22_vars_result_at_end_of_treatment_without_dr_reg_train_tb21 data / BioMistral-7B_base /baseline /all_days /autoenc False / mean_pooling model
+++++++
Running training with full model: 4096 vars
+++++++
Processing:   0%|          | 0/1 [00:00<?, ?model/s]
=====================
LogisticRegression

Processing:   0%|          | 0/1 [00:00<?, ?cv_repeat/s][ARESULT_AT_END_OF_TREATMENT   0.0  1.0
STUDYID                              
TB-1021                     1382   46
TB-1022                     1392   54
Num of CV-repeat:1
Num of CV-repeat:1 - Model:LogisticRegression - Data inclusion type:all_days - Period:baseline - mean_pooling 


  0%|          | 0/1 [00:00<?, ?model/s][A[A

100%|██████████| 1/1 [03:07<00:00, 187.33s/model][A[A100%|██████████| 1/1 [03:07<00:00, 187.33s/model]

Processing: 100%|██████████| 1/1 [03:08<00:00, 188.18s/cv_repeat][AProcessing: 100%|██████████| 1/1 [03:08<00:00, 188.18s/cv_repeat]
Processing: 100%|██████████| 1/1 [03:08<00:00, 188.19s/model]Processing: 100%|██████████| 1/1 [03:08<00:00, 188.19s/model]
CV test_score: [0.7244283995186522, 0.7344564781387886, 0.6960144927536231, 0.6594202898550725, 0.5917874396135265]
CV train_score: [0.9874281521340346, 0.984933349639232, 0.9902551737994776, 0.9710180343091737, 0.9869996578857338]
Calcu;ating conf metrics
Training duration:
Elapsed time:0 hours:3 minutes seconds:33
