Loading anaconda
Activate conda env
tb21_22_2984_pats_22_vars_result_at_end_of_treatment_without_dr_reg_train_tb22
baseline_vars
93
LogisticRegression
data_inclusion_type_ ['baseline_vars'] model_names_ ['LogisticRegression'] period_end_day_ [93]
Loading embeddings:   0%|          | 0/1 [00:00<?, ?set/s]Loading embeddings: 100%|██████████| 1/1 [00:02<00:00,  2.70s/set]Loading embeddings: 100%|██████████| 1/1 [00:02<00:00,  2.70s/set]

→ Loading: tb21_22_2984_pats_22_vars_result_at_end_of_treatment_without_dr_reg_train_tb22 | BioMistral-7B_base | 93 | baseline_vars | autoenc=False | mean_pooling 
Loaded in 2.49 seconds.
tb21_22_2984_pats_22_vars_result_at_end_of_treatment_without_dr_reg_train_tb22
Training on 93 days of data
Loading embeddings of tb21_22_2984_pats_22_vars_result_at_end_of_treatment_without_dr_reg_train_tb22 data / BioMistral-7B_base /93 /baseline_vars /autoenc False / mean_pooling model
+++++++
Running training with full model: 4096 vars
+++++++
Processing:   0%|          | 0/1 [00:00<?, ?model/s]
=====================
LogisticRegression

Processing:   0%|          | 0/1 [00:00<?, ?cv_repeat/s][ARESULT_AT_END_OF_TREATMENT   0.0  1.0
STUDYID                              
TB-1021                     1383   46
TB-1022                     1436   53
Num of CV-repeat:1
Num of CV-repeat:1 - Model:LogisticRegression - Data inclusion type:baseline_vars - Period:93 - mean_pooling 


  0%|          | 0/1 [00:00<?, ?model/s][A[A

100%|██████████| 1/1 [03:20<00:00, 200.15s/model][A[A100%|██████████| 1/1 [03:20<00:00, 200.15s/model]

Processing: 100%|██████████| 1/1 [03:20<00:00, 200.98s/cv_repeat][AProcessing: 100%|██████████| 1/1 [03:20<00:00, 200.98s/cv_repeat]
Processing: 100%|██████████| 1/1 [03:20<00:00, 200.99s/model]Processing: 100%|██████████| 1/1 [03:20<00:00, 200.99s/model]
CV test_score: [0.6708333333333333, 0.7228381374722839, 0.7117516629711751, 0.6141906873614191, 0.6083623693379792]
CV train_score: [0.994287334899927, 0.9933482531393758, 0.9921671018276763, 0.9928716482241287, 0.9919647013581072]
Calcu;ating conf metrics
Training duration:
Elapsed time:0 hours:3 minutes seconds:45
