Loading anaconda
Activate conda env
tb21_22_2984_pats_22_vars_relapse_ext_pats_without_dr_reg_train_tb21
all_days
62
XGBoost
data_inclusion_type_ ['all_days'] model_names_ ['XGBoost'] period_end_day_ [62]
Loading embeddings:   0%|          | 0/1 [00:00<?, ?set/s]Loading embeddings: 100%|██████████| 1/1 [00:01<00:00,  1.92s/set]Loading embeddings: 100%|██████████| 1/1 [00:01<00:00,  1.92s/set]

→ Loading: tb21_22_2984_pats_22_vars_relapse_ext_pats_without_dr_reg_train_tb21 | BioMistral-7B_base | 62 | all_days | autoenc=False | mean_pooling 
Loaded in 1.76 seconds.
tb21_22_2984_pats_22_vars_relapse_ext_pats_without_dr_reg_train_tb21
Training on 62 days of data
Loading embeddings of tb21_22_2984_pats_22_vars_relapse_ext_pats_without_dr_reg_train_tb21 data / BioMistral-7B_base /62 /all_days /autoenc False / mean_pooling model
include_rifaquin False extended_pats True
Extracting relapse information...
pats_with_fav 2237
pats_with_unfav 352
2589
+++++++
Running training with full model: 4096 vars
+++++++
Processing:   0%|          | 0/1 [00:00<?, ?model/s]
=====================
XGBoost

Processing:   0%|          | 0/1 [00:00<?, ?cv_repeat/s][ARELAPSE     0    1
STUDYID           
TB-1021  1151  140
TB-1022  1080  121
Num of CV-repeat:1
Num of CV-repeat:1 - Model:XGBoost - Data inclusion type:all_days - Period:62 - mean_pooling 


  0%|          | 0/1 [00:00<?, ?model/s][A[A

100%|██████████| 1/1 [01:44<00:00, 104.37s/model][A[A100%|██████████| 1/1 [01:44<00:00, 104.37s/model]

Processing: 100%|██████████| 1/1 [01:45<00:00, 105.04s/cv_repeat][AProcessing: 100%|██████████| 1/1 [01:45<00:00, 105.04s/cv_repeat]
Processing: 100%|██████████| 1/1 [01:45<00:00, 105.05s/model]Processing: 100%|██████████| 1/1 [01:45<00:00, 105.05s/model]
CV test_score: [0.7090290661719234, 0.6458074534161491, 0.6978260869565217, 0.7229813664596274, 0.7062111801242236]
CV train_score: [0.976077251552795, 0.9766073367457733, 0.9750271444082519, 0.9741546455715836, 0.977053280595626]
Calcu;ating conf metrics
Training duration:
Elapsed time:0 hours:2 minutes seconds:21
