Loading anaconda
Activate conda env
tb21_22_2984_pats_22_vars_relapse_ext_pats_without_dr_reg_train_tb21
baseline_last_day
all
LogisticRegression
data_inclusion_type_ ['baseline_last_day'] model_names_ ['LogisticRegression'] period_end_day_ ['all']
Loading embeddings:   0%|          | 0/1 [00:00<?, ?set/s]Loading embeddings: 100%|██████████| 1/1 [00:02<00:00,  2.00s/set]Loading embeddings: 100%|██████████| 1/1 [00:02<00:00,  2.00s/set]

→ Loading: tb21_22_2984_pats_22_vars_relapse_ext_pats_without_dr_reg_train_tb21 | BioMistral-7B_base | all | baseline_last_day | autoenc=False | mean_pooling 
Loaded in 1.83 seconds.
tb21_22_2984_pats_22_vars_relapse_ext_pats_without_dr_reg_train_tb21
Training on all days of data
Loading embeddings of tb21_22_2984_pats_22_vars_relapse_ext_pats_without_dr_reg_train_tb21 data / BioMistral-7B_base /all /baseline_last_day /autoenc False / mean_pooling model
include_rifaquin False extended_pats True
Extracting relapse information...
pats_with_fav 2237
pats_with_unfav 352
2589
+++++++
Running training with full model: 4096 vars
+++++++
Processing:   0%|          | 0/1 [00:00<?, ?model/s]
=====================
LogisticRegression

Processing:   0%|          | 0/1 [00:00<?, ?cv_repeat/s][ARELAPSE    0   1
STUDYID         
TB-1021  402  15
TB-1022  535  36
Num of CV-repeat:1
Num of CV-repeat:1 - Model:LogisticRegression - Data inclusion type:baseline_last_day - Period:all - mean_pooling 


  0%|          | 0/1 [00:00<?, ?model/s][A[A

100%|██████████| 1/1 [00:38<00:00, 38.51s/model][A[A100%|██████████| 1/1 [00:38<00:00, 38.51s/model]

Processing: 100%|██████████| 1/1 [00:39<00:00, 39.14s/cv_repeat][AProcessing: 100%|██████████| 1/1 [00:39<00:00, 39.14s/cv_repeat]
Processing: 100%|██████████| 1/1 [00:39<00:00, 39.14s/model]Processing: 100%|██████████| 1/1 [00:39<00:00, 39.14s/model]
CV test_score: [0.7860082304526749, 0.7901234567901235, 0.6208333333333333, 0.425, 0.7208333333333333]
CV train_score: [0.9906542056074766, 0.9966251298026999, 0.9919772256728778, 0.9981884057971014, 0.9966356107660456]
Calcu;ating conf metrics
Training duration:
Elapsed time:0 hours:1 minutes seconds:15
