Loading anaconda
Activate conda env
tb21_22_2984_pats_22_vars_result_at_end_of_treatment_without_dr_reg_train_tb22
all_days
160
LogisticRegression
data_inclusion_type_ ['all_days'] model_names_ ['LogisticRegression'] period_end_day_ [160]
Loading embeddings:   0%|          | 0/1 [00:00<?, ?set/s]Loading embeddings: 100%|██████████| 1/1 [00:01<00:00,  1.96s/set]Loading embeddings: 100%|██████████| 1/1 [00:01<00:00,  1.96s/set]

→ Loading: tb21_22_2984_pats_22_vars_result_at_end_of_treatment_without_dr_reg_train_tb22 | BioMistral-7B_base | 160 | all_days | autoenc=False | mean_pooling 
Loaded in 1.79 seconds.
tb21_22_2984_pats_22_vars_result_at_end_of_treatment_without_dr_reg_train_tb22
Training on 160 days of data
Loading embeddings of tb21_22_2984_pats_22_vars_result_at_end_of_treatment_without_dr_reg_train_tb22 data / BioMistral-7B_base /160 /all_days /autoenc False / mean_pooling model
+++++++
Running training with full model: 4096 vars
+++++++
Processing:   0%|          | 0/1 [00:00<?, ?model/s]
=====================
LogisticRegression

Processing:   0%|          | 0/1 [00:00<?, ?cv_repeat/s][ARESULT_AT_END_OF_TREATMENT  0.0  1.0
STUDYID                             
TB-1021                     449   11
TB-1022                     712   25
Num of CV-repeat:1
Num of CV-repeat:1 - Model:LogisticRegression - Data inclusion type:all_days - Period:160 - mean_pooling 


  0%|          | 0/1 [00:00<?, ?model/s][A[A

100%|██████████| 1/1 [01:08<00:00, 68.94s/model][A[A100%|██████████| 1/1 [01:08<00:00, 68.94s/model]

Processing: 100%|██████████| 1/1 [01:09<00:00, 69.56s/cv_repeat][AProcessing: 100%|██████████| 1/1 [01:09<00:00, 69.56s/cv_repeat]
Processing: 100%|██████████| 1/1 [01:09<00:00, 69.57s/model]Processing: 100%|██████████| 1/1 [01:09<00:00, 69.57s/model]
CV test_score: [0.4727272727272728, 0.8041958041958043, 0.6605633802816901, 0.7704225352112677, 0.7774647887323944]
CV train_score: [0.9995606326889279, 0.9992970123022847, 0.9993859649122807, 0.9997368421052631, 0.9985087719298246]
Calcu;ating conf metrics
Training duration:
Elapsed time:0 hours:1 minutes seconds:29
