Loading anaconda
Activate conda env
tb21_22_2984_pats_22_vars_result_at_end_of_treatment_without_dr_reg_train_tb21
all_days
62
XGBoost
data_inclusion_type_ ['all_days'] model_names_ ['XGBoost'] period_end_day_ [62]
Loading embeddings:   0%|          | 0/1 [00:00<?, ?set/s]Loading embeddings: 100%|██████████| 1/1 [00:05<00:00,  5.90s/set]Loading embeddings: 100%|██████████| 1/1 [00:05<00:00,  5.90s/set]

→ Loading: tb21_22_2984_pats_22_vars_result_at_end_of_treatment_without_dr_reg_train_tb21 | BioMistral-7B_base | 62 | all_days | autoenc=False | mean_pooling 
Loaded in 5.73 seconds.
tb21_22_2984_pats_22_vars_result_at_end_of_treatment_without_dr_reg_train_tb21
Training on 62 days of data
Loading embeddings of tb21_22_2984_pats_22_vars_result_at_end_of_treatment_without_dr_reg_train_tb21 data / BioMistral-7B_base /62 /all_days /autoenc False / mean_pooling model
+++++++
Running training with full model: 4096 vars
+++++++
Processing:   0%|          | 0/1 [00:00<?, ?model/s]
=====================
XGBoost

Processing:   0%|          | 0/1 [00:00<?, ?cv_repeat/s][ARESULT_AT_END_OF_TREATMENT   0.0  1.0
STUDYID                              
TB-1021                     1383   46
TB-1022                     1435   54
Num of CV-repeat:1
Num of CV-repeat:1 - Model:XGBoost - Data inclusion type:all_days - Period:62 - mean_pooling 


  0%|          | 0/1 [00:00<?, ?model/s][A[A

100%|██████████| 1/1 [03:29<00:00, 209.48s/model][A[A100%|██████████| 1/1 [03:29<00:00, 209.48s/model]

Processing: 100%|██████████| 1/1 [03:30<00:00, 210.15s/cv_repeat][AProcessing: 100%|██████████| 1/1 [03:30<00:00, 210.15s/cv_repeat]
Processing: 100%|██████████| 1/1 [03:30<00:00, 210.16s/model]Processing: 100%|██████████| 1/1 [03:30<00:00, 210.16s/model]
CV test_score: [0.7079823505816285, 0.8062575210589651, 0.6883273164861613, 0.5934782608695652, 0.7745571658615137]
CV train_score: [1.0, 1.0, 1.0, 1.0, 1.0]
Calcu;ating conf metrics
Training duration:
Elapsed time:0 hours:3 minutes seconds:50
