Loading anaconda
Activate conda env
tb21_22_2984_pats_22_vars_result_at_end_of_treatment_without_dr_reg_train_tb21
baseline_vars
31
LogisticRegression
data_inclusion_type_ ['baseline_vars'] model_names_ ['LogisticRegression'] period_end_day_ [31]
Loading embeddings:   0%|          | 0/1 [00:00<?, ?set/s]Loading embeddings: 100%|██████████| 1/1 [00:02<00:00,  2.42s/set]Loading embeddings: 100%|██████████| 1/1 [00:02<00:00,  2.42s/set]

→ Loading: tb21_22_2984_pats_22_vars_result_at_end_of_treatment_without_dr_reg_train_tb21 | BioMistral-7B_base | 31 | baseline_vars | autoenc=False | mean_pooling 
Loaded in 2.20 seconds.
tb21_22_2984_pats_22_vars_result_at_end_of_treatment_without_dr_reg_train_tb21
Training on 31 days of data
Loading embeddings of tb21_22_2984_pats_22_vars_result_at_end_of_treatment_without_dr_reg_train_tb21 data / BioMistral-7B_base /31 /baseline_vars /autoenc False / mean_pooling model
+++++++
Running training with full model: 4096 vars
+++++++
Processing:   0%|          | 0/1 [00:00<?, ?model/s]
=====================
LogisticRegression

Processing:   0%|          | 0/1 [00:00<?, ?cv_repeat/s][ARESULT_AT_END_OF_TREATMENT   0.0  1.0
STUDYID                              
TB-1021                     1382   46
TB-1022                     1395   54
Num of CV-repeat:1
Num of CV-repeat:1 - Model:LogisticRegression - Data inclusion type:baseline_vars - Period:31 - mean_pooling 


  0%|          | 0/1 [00:00<?, ?model/s][A[A

100%|██████████| 1/1 [03:37<00:00, 217.13s/model][A[A100%|██████████| 1/1 [03:37<00:00, 217.13s/model]

Processing: 100%|██████████| 1/1 [03:37<00:00, 217.97s/cv_repeat][AProcessing: 100%|██████████| 1/1 [03:37<00:00, 217.97s/cv_repeat]
Processing: 100%|██████████| 1/1 [03:37<00:00, 217.98s/model]Processing: 100%|██████████| 1/1 [03:37<00:00, 217.98s/model]
CV test_score: [0.6269554753309265, 0.5395106297633373, 0.6706521739130435, 0.6791465378421899, 0.7479871175523349]
CV train_score: [1.0, 1.0, 1.0, 1.0, 1.0]
Calcu;ating conf metrics
Training duration:
Elapsed time:0 hours:4 minutes seconds:3
