Loading anaconda
Activate conda env
tb21_22_2984_pats_22_vars_relapse_ext_pats_without_dr_reg_train_tb22
baseline_last_day
160
XGBoost
data_inclusion_type_ ['baseline_last_day'] model_names_ ['XGBoost'] period_end_day_ [160]
Loading embeddings:   0%|          | 0/1 [00:00<?, ?set/s]Loading embeddings: 100%|██████████| 1/1 [00:02<00:00,  2.01s/set]Loading embeddings: 100%|██████████| 1/1 [00:02<00:00,  2.01s/set]

→ Loading: tb21_22_2984_pats_22_vars_relapse_ext_pats_without_dr_reg_train_tb22 | BioMistral-7B_base | 160 | baseline_last_day | autoenc=False | mean_pooling 
Loaded in 1.85 seconds.
tb21_22_2984_pats_22_vars_relapse_ext_pats_without_dr_reg_train_tb22
Training on 160 days of data
Loading embeddings of tb21_22_2984_pats_22_vars_relapse_ext_pats_without_dr_reg_train_tb22 data / BioMistral-7B_base /160 /baseline_last_day /autoenc False / mean_pooling model
include_rifaquin False extended_pats True
Extracting relapse information...
pats_with_fav 2237
pats_with_unfav 352
2589
+++++++
Running training with full model: 4096 vars
+++++++
Processing:   0%|          | 0/1 [00:00<?, ?model/s]
=====================
XGBoost

Processing:   0%|          | 0/1 [00:00<?, ?cv_repeat/s][ARELAPSE    0   1
STUDYID         
TB-1021  402  15
TB-1022  544  37
Num of CV-repeat:1
Num of CV-repeat:1 - Model:XGBoost - Data inclusion type:baseline_last_day - Period:160 - mean_pooling 


  0%|          | 0/1 [00:00<?, ?model/s][A[A

100%|██████████| 1/1 [01:00<00:00, 60.77s/model][A[A100%|██████████| 1/1 [01:00<00:00, 60.77s/model]

Processing: 100%|██████████| 1/1 [01:01<00:00, 61.39s/cv_repeat][AProcessing: 100%|██████████| 1/1 [01:01<00:00, 61.39s/cv_repeat]
Processing: 100%|██████████| 1/1 [01:01<00:00, 61.41s/model]Processing: 100%|██████████| 1/1 [01:01<00:00, 61.41s/model]
CV test_score: [0.6272935779816513, 0.5884665792922674, 0.5884665792922673, 0.45478374836173, 0.4444444444444444]
CV train_score: [1.0, 1.0, 1.0, 0.9985440613026819, 0.999920911104081]
Calcu;ating conf metrics
Training duration:
Elapsed time:0 hours:1 minutes seconds:38
