Loading anaconda
Activate conda env
tb21_22_2984_pats_22_vars_relapse_ext_pats_without_dr_reg_train_tb21
all_days
31
XGBoost
data_inclusion_type_ ['all_days'] model_names_ ['XGBoost'] period_end_day_ [31]
Loading embeddings:   0%|          | 0/1 [00:00<?, ?set/s]Loading embeddings: 100%|██████████| 1/1 [00:02<00:00,  2.11s/set]Loading embeddings: 100%|██████████| 1/1 [00:02<00:00,  2.11s/set]

→ Loading: tb21_22_2984_pats_22_vars_relapse_ext_pats_without_dr_reg_train_tb21 | BioMistral-7B_base | 31 | all_days | autoenc=False | mean_pooling 
Loaded in 1.94 seconds.
tb21_22_2984_pats_22_vars_relapse_ext_pats_without_dr_reg_train_tb21
Training on 31 days of data
Loading embeddings of tb21_22_2984_pats_22_vars_relapse_ext_pats_without_dr_reg_train_tb21 data / BioMistral-7B_base /31 /all_days /autoenc False / mean_pooling model
include_rifaquin False extended_pats True
Extracting relapse information...
pats_with_fav 2237
pats_with_unfav 352
2589
+++++++
Running training with full model: 4096 vars
+++++++
Processing:   0%|          | 0/1 [00:00<?, ?model/s]
=====================
XGBoost

Processing:   0%|          | 0/1 [00:00<?, ?cv_repeat/s][ARELAPSE     0    1
STUDYID           
TB-1021  1150  140
TB-1022  1048  117
Num of CV-repeat:1
Num of CV-repeat:1 - Model:XGBoost - Data inclusion type:all_days - Period:31 - mean_pooling 


  0%|          | 0/1 [00:00<?, ?model/s][A[A

100%|██████████| 1/1 [01:53<00:00, 113.93s/model][A[A100%|██████████| 1/1 [01:53<00:00, 113.93s/model]

Processing: 100%|██████████| 1/1 [01:54<00:00, 114.71s/cv_repeat][AProcessing: 100%|██████████| 1/1 [01:54<00:00, 114.71s/cv_repeat]
Processing: 100%|██████████| 1/1 [01:54<00:00, 114.73s/model]Processing: 100%|██████████| 1/1 [01:54<00:00, 114.73s/model]
CV test_score: [0.6990683229813665, 0.695807453416149, 0.6430124223602484, 0.7391304347826086, 0.7513975155279503]
CV train_score: [0.9704871894409937, 0.9728746118012422, 0.9754755434782609, 0.9698466614906831, 0.9752523291925466]
Calcu;ating conf metrics
Training duration:
Elapsed time:0 hours:2 minutes seconds:38
