Loading anaconda
Activate conda env
tb21_22_2984_pats_22_vars_relapse_ext_pats_without_dr_reg_train_tb21
all_days
93
XGBoost
data_inclusion_type_ ['all_days'] model_names_ ['XGBoost'] period_end_day_ [93]
Loading embeddings:   0%|          | 0/1 [00:00<?, ?set/s]Loading embeddings: 100%|██████████| 1/1 [00:02<00:00,  2.24s/set]Loading embeddings: 100%|██████████| 1/1 [00:02<00:00,  2.24s/set]

→ Loading: tb21_22_2984_pats_22_vars_relapse_ext_pats_without_dr_reg_train_tb21 | BioMistral-7B_base | 93 | all_days | autoenc=False | mean_pooling 
Loaded in 2.04 seconds.
tb21_22_2984_pats_22_vars_relapse_ext_pats_without_dr_reg_train_tb21
Training on 93 days of data
Loading embeddings of tb21_22_2984_pats_22_vars_relapse_ext_pats_without_dr_reg_train_tb21 data / BioMistral-7B_base /93 /all_days /autoenc False / mean_pooling model
include_rifaquin False extended_pats True
Extracting relapse information...
pats_with_fav 2237
pats_with_unfav 352
2589
+++++++
Running training with full model: 4096 vars
+++++++
Processing:   0%|          | 0/1 [00:00<?, ?model/s]
=====================
XGBoost

Processing:   0%|          | 0/1 [00:00<?, ?cv_repeat/s][ARELAPSE     0    1
STUDYID           
TB-1021  1151  139
TB-1022  1081  121
Num of CV-repeat:1
Num of CV-repeat:1 - Model:XGBoost - Data inclusion type:all_days - Period:93 - mean_pooling 


  0%|          | 0/1 [00:00<?, ?model/s][A[A

100%|██████████| 1/1 [02:59<00:00, 179.55s/model][A[A100%|██████████| 1/1 [02:59<00:00, 179.55s/model]

Processing: 100%|██████████| 1/1 [03:00<00:00, 180.32s/cv_repeat][AProcessing: 100%|██████████| 1/1 [03:00<00:00, 180.32s/cv_repeat]
Processing: 100%|██████████| 1/1 [03:00<00:00, 180.33s/model]Processing: 100%|██████████| 1/1 [03:00<00:00, 180.33s/model]
CV test_score: [0.6927018633540373, 0.6248447204968943, 0.6838509316770186, 0.7428571428571429, 0.7519640852974185]
CV train_score: [0.9990707319697547, 0.9989240054386634, 0.9982099363206854, 0.998082773327073, 0.9973699534161491]
Calcu;ating conf metrics
Training duration:
Elapsed time:0 hours:3 minutes seconds:42
