Loading anaconda
Activate conda env
tb21_22_2984_pats_22_vars_relapse_ext_pats_without_dr_reg_train_tb21
baseline_last_day
62
LogisticRegression
data_inclusion_type_ ['baseline_last_day'] model_names_ ['LogisticRegression'] period_end_day_ [62]
Loading embeddings:   0%|          | 0/1 [00:00<?, ?set/s]Loading embeddings: 100%|██████████| 1/1 [00:02<00:00,  2.74s/set]Loading embeddings: 100%|██████████| 1/1 [00:02<00:00,  2.74s/set]

→ Loading: tb21_22_2984_pats_22_vars_relapse_ext_pats_without_dr_reg_train_tb21 | BioMistral-7B_base | 62 | baseline_last_day | autoenc=False | mean_pooling 
Loaded in 2.54 seconds.
tb21_22_2984_pats_22_vars_relapse_ext_pats_without_dr_reg_train_tb21
Training on 62 days of data
Loading embeddings of tb21_22_2984_pats_22_vars_relapse_ext_pats_without_dr_reg_train_tb21 data / BioMistral-7B_base /62 /baseline_last_day /autoenc False / mean_pooling model
include_rifaquin False extended_pats True
Extracting relapse information...
pats_with_fav 2237
pats_with_unfav 352
2589
+++++++
Running training with full model: 4096 vars
+++++++
Processing:   0%|          | 0/1 [00:00<?, ?model/s]
=====================
LogisticRegression

Processing:   0%|          | 0/1 [00:00<?, ?cv_repeat/s][ARELAPSE     0    1
STUDYID           
TB-1021  1151  140
TB-1022  1080  121
Num of CV-repeat:1
Num of CV-repeat:1 - Model:LogisticRegression - Data inclusion type:baseline_last_day - Period:62 - mean_pooling 


  0%|          | 0/1 [00:00<?, ?model/s][A[A

100%|██████████| 1/1 [03:05<00:00, 185.83s/model][A[A100%|██████████| 1/1 [03:05<00:00, 185.83s/model]

Processing: 100%|██████████| 1/1 [03:06<00:00, 186.65s/cv_repeat][AProcessing: 100%|██████████| 1/1 [03:06<00:00, 186.65s/cv_repeat]
Processing: 100%|██████████| 1/1 [03:06<00:00, 186.66s/model]Processing: 100%|██████████| 1/1 [03:06<00:00, 186.66s/model]
CV test_score: [0.719078540507112, 0.650776397515528, 0.6819875776397515, 0.6672360248447204, 0.6917701863354038]
CV train_score: [0.8890527950310558, 0.8998565224135257, 0.8923530324181791, 0.8981212191717077, 0.8930607259190322]
Calcu;ating conf metrics
Training duration:
Elapsed time:0 hours:3 minutes seconds:51
