Loading anaconda
Activate conda env
tb21_22_2984_pats_22_vars_relapse_ext_pats_without_dr_reg_train_tb21
baseline_vars
62
LogisticRegression
data_inclusion_type_ ['baseline_vars'] model_names_ ['LogisticRegression'] period_end_day_ [62]
Loading embeddings:   0%|          | 0/1 [00:00<?, ?set/s]Loading embeddings: 100%|██████████| 1/1 [00:02<00:00,  2.44s/set]Loading embeddings: 100%|██████████| 1/1 [00:02<00:00,  2.44s/set]

→ Loading: tb21_22_2984_pats_22_vars_relapse_ext_pats_without_dr_reg_train_tb21 | BioMistral-7B_base | 62 | baseline_vars | autoenc=False | mean_pooling 
Loaded in 2.24 seconds.
tb21_22_2984_pats_22_vars_relapse_ext_pats_without_dr_reg_train_tb21
Training on 62 days of data
Loading embeddings of tb21_22_2984_pats_22_vars_relapse_ext_pats_without_dr_reg_train_tb21 data / BioMistral-7B_base /62 /baseline_vars /autoenc False / mean_pooling model
include_rifaquin False extended_pats True
Extracting relapse information...
pats_with_fav 2237
pats_with_unfav 352
2589
+++++++
Running training with full model: 4096 vars
+++++++
Processing:   0%|          | 0/1 [00:00<?, ?model/s]
=====================
LogisticRegression

Processing:   0%|          | 0/1 [00:00<?, ?cv_repeat/s][ARELAPSE     0    1
STUDYID           
TB-1021  1151  140
TB-1022  1080  121
Num of CV-repeat:1
Num of CV-repeat:1 - Model:LogisticRegression - Data inclusion type:baseline_vars - Period:62 - mean_pooling 


  0%|          | 0/1 [00:00<?, ?model/s][A[A

100%|██████████| 1/1 [03:10<00:00, 190.91s/model][A[A100%|██████████| 1/1 [03:10<00:00, 190.91s/model]

Processing: 100%|██████████| 1/1 [03:11<00:00, 191.76s/cv_repeat][AProcessing: 100%|██████████| 1/1 [03:11<00:00, 191.76s/cv_repeat]
Processing: 100%|██████████| 1/1 [03:11<00:00, 191.77s/model]Processing: 100%|██████████| 1/1 [03:11<00:00, 191.77s/model]
CV test_score: [0.678726035868893, 0.6987577639751553, 0.6706521739130434, 0.6195652173913043, 0.7473602484472051]
CV train_score: [0.9510578416149068, 0.9487843182875756, 0.951178842872654, 0.9491042345276872, 0.9506650380021715]
Calcu;ating conf metrics
Training duration:
Elapsed time:0 hours:3 minutes seconds:59
