Loading anaconda
Activate conda env
tb21_22_2984_pats_22_vars_result_at_end_of_treatment_without_dr_reg_train_tb21
baseline_last_day
baseline
LogisticRegression
data_inclusion_type_ ['baseline_last_day'] model_names_ ['LogisticRegression'] period_end_day_ ['baseline']
Loading embeddings:   0%|          | 0/1 [00:00<?, ?set/s]Loading embeddings: 100%|██████████| 1/1 [00:02<00:00,  2.53s/set]Loading embeddings: 100%|██████████| 1/1 [00:02<00:00,  2.53s/set]

→ Loading: tb21_22_2984_pats_22_vars_result_at_end_of_treatment_without_dr_reg_train_tb21 | BioMistral-7B_base | baseline | baseline_last_day | autoenc=False | mean_pooling 
Loaded in 2.35 seconds.
tb21_22_2984_pats_22_vars_result_at_end_of_treatment_without_dr_reg_train_tb21
Training on baseline days of data
Loading embeddings of tb21_22_2984_pats_22_vars_result_at_end_of_treatment_without_dr_reg_train_tb21 data / BioMistral-7B_base /baseline /baseline_last_day /autoenc False / mean_pooling model
+++++++
Running training with full model: 4096 vars
+++++++
Processing:   0%|          | 0/1 [00:00<?, ?model/s]
=====================
LogisticRegression

Processing:   0%|          | 0/1 [00:00<?, ?cv_repeat/s][ARESULT_AT_END_OF_TREATMENT   0.0  1.0
STUDYID                              
TB-1021                     1382   46
TB-1022                     1392   54
Num of CV-repeat:1
Num of CV-repeat:1 - Model:LogisticRegression - Data inclusion type:baseline_last_day - Period:baseline - mean_pooling 


  0%|          | 0/1 [00:00<?, ?model/s][A[A

100%|██████████| 1/1 [03:21<00:00, 201.70s/model][A[A100%|██████████| 1/1 [03:21<00:00, 201.70s/model]

Processing: 100%|██████████| 1/1 [03:22<00:00, 202.52s/cv_repeat][AProcessing: 100%|██████████| 1/1 [03:22<00:00, 202.52s/cv_repeat]
Processing: 100%|██████████| 1/1 [03:22<00:00, 202.52s/model]Processing: 100%|██████████| 1/1 [03:22<00:00, 202.52s/model]
CV test_score: [0.5006016847172081, 0.5018050541516246, 0.7456521739130435, 0.751207729468599, 0.464170692431562]
CV train_score: [1.0, 0.9996086584321878, 0.999924653405666, 0.999951126533405, 0.9995845755339426]
Calcu;ating conf metrics
Training duration:
Elapsed time:0 hours:3 minutes seconds:47
