Loading anaconda
Activate conda env
tb21_22_2984_pats_22_vars_relapse_ext_pats_without_dr_reg_train_tb22
baseline_last_day
62
LogisticRegression
data_inclusion_type_ ['baseline_last_day'] model_names_ ['LogisticRegression'] period_end_day_ [62]
Loading embeddings:   0%|          | 0/1 [00:00<?, ?set/s]Loading embeddings: 100%|██████████| 1/1 [00:02<00:00,  2.15s/set]Loading embeddings: 100%|██████████| 1/1 [00:02<00:00,  2.15s/set]

→ Loading: tb21_22_2984_pats_22_vars_relapse_ext_pats_without_dr_reg_train_tb22 | BioMistral-7B_base | 62 | baseline_last_day | autoenc=False | mean_pooling 
Loaded in 1.95 seconds.
tb21_22_2984_pats_22_vars_relapse_ext_pats_without_dr_reg_train_tb22
Training on 62 days of data
Loading embeddings of tb21_22_2984_pats_22_vars_relapse_ext_pats_without_dr_reg_train_tb22 data / BioMistral-7B_base /62 /baseline_last_day /autoenc False / mean_pooling model
include_rifaquin False extended_pats True
Extracting relapse information...
pats_with_fav 2237
pats_with_unfav 352
2589
+++++++
Running training with full model: 4096 vars
+++++++
Processing:   0%|          | 0/1 [00:00<?, ?model/s]
=====================
LogisticRegression

Processing:   0%|          | 0/1 [00:00<?, ?cv_repeat/s][ARELAPSE     0    1
STUDYID           
TB-1021  1151  140
TB-1022  1080  121
Num of CV-repeat:1
Num of CV-repeat:1 - Model:LogisticRegression - Data inclusion type:baseline_last_day - Period:62 - mean_pooling 


  0%|          | 0/1 [00:00<?, ?model/s][A[A

100%|██████████| 1/1 [02:40<00:00, 160.71s/model][A[A100%|██████████| 1/1 [02:40<00:00, 160.71s/model]

Processing: 100%|██████████| 1/1 [02:41<00:00, 161.53s/cv_repeat][AProcessing: 100%|██████████| 1/1 [02:41<00:00, 161.53s/cv_repeat]
Processing: 100%|██████████| 1/1 [02:41<00:00, 161.54s/model]Processing: 100%|██████████| 1/1 [02:41<00:00, 161.54s/model]
CV test_score: [0.6898148148148149, 0.6641589506172839, 0.6251929012345679, 0.6462191358024691, 0.7214506172839505]
CV train_score: [0.857397762345679, 0.8638793432607866, 0.8605145093547155, 0.8509092210767468, 0.8685209049255441]
Calcu;ating conf metrics
Training duration:
Elapsed time:0 hours:3 minutes seconds:29
