Loading anaconda
Activate conda env
tb21_22_2984_pats_22_vars_result_at_end_of_treatment_without_dr_reg_train_tb22
all_days_in_period
all
XGBoost
/data/gpfs/projects/punim2121/C-Path/outcome_prediction/outcome_prediction/s9_3_baseline_ML_models_functions.py:2136: SettingWithCopyWarning: 
A value is trying to be set on a copy of a slice from a DataFrame.
Try using .loc[row_indexer,col_indexer] = value instead

See the caveats in the documentation: https://pandas.pydata.org/pandas-docs/stable/user_guide/indexing.html#returning-a-view-versus-a-copy
  de_['RELAPSE']=de_['RELAPSE'].astype(float)
Extracting relapse information...
===========
 tb21_22_2984_pats_22_vars_result_at_end_of_treatment_without_dr_reg_train_tb22 

RESULT_AT_END_OF_TREATMENT  FAVOURABLE  UNFAVOURABLE
STUDYID                                             
TB-1021                           1384            46
TB-1022                           1442            55
pat_ids_ before arm check 1182
0
No patients considered for tb21_22_2984_pats_22_vars_result_at_end_of_treatment_without_dr_reg_train_tb22 - period:all
Training duration:
Elapsed time:0 hours:0 minutes
