Loading anaconda
Activate conda env
tb21_22_2984_pats_22_vars_relapse_ext_pats_without_dr_reg_train_tb22
all_days_in_period
125
LogisticRegression
/data/gpfs/projects/punim2121/C-Path/outcome_prediction/outcome_prediction/s9_3_baseline_ML_models_functions.py:2136: SettingWithCopyWarning: 
A value is trying to be set on a copy of a slice from a DataFrame.
Try using .loc[row_indexer,col_indexer] = value instead

See the caveats in the documentation: https://pandas.pydata.org/pandas-docs/stable/user_guide/indexing.html#returning-a-view-versus-a-copy
  de_['RELAPSE']=de_['RELAPSE'].astype(float)
Extracting relapse information...
===========
 tb21_22_2984_pats_22_vars_relapse_ext_pats_without_dr_reg_train_tb22 

include_rifaquin False extended_pats True
Extracting relapse information...
RELAPSE     0    1
STUDYID           
TB-1021  1152  140
TB-1022  1085  121
pat_ids_ before arm check 2492
2492
Excluded 0 out of 2492 patients (0.0%)


=====================
LogisticRegression
tb21_22_2984_pats_22_vars_relapse_ext_pats_without_dr_reg_train_tb22 - 125 - all_days_in_period - LogisticRegression
Traceback (most recent call last):
  File "/data/gpfs/projects/punim2121/C-Path/outcome_prediction/outcome_prediction/s9_3_baseline_ML_models_SHAP_calculation.py", line 646, in <module>
    X_excluded,y_excluded, excl_pats_df = return_excluded_pats_data(X,
  File "/data/gpfs/projects/punim2121/C-Path/outcome_prediction/outcome_prediction/s9_3_baseline_ML_models_SHAP_calculation.py", line 490, in return_excluded_pats_data
    additional_excluded_1022_pats, additional_excluded_1021_pats = return_additional_exlcuded_pats(parameters_for_analysis,
  File "/data/gpfs/projects/punim2121/C-Path/outcome_prediction/outcome_prediction/s9_3_baseline_ML_models_SHAP_calculation.py", line 393, in return_additional_exlcuded_pats
    rel = pd.read_csv(fn,index_col=0)
  File "/data/gpfs/projects/punim2121/anaconda3/envs/scarches/lib/python3.9/site-packages/pandas/io/parsers/readers.py", line 1026, in read_csv
    return _read(filepath_or_buffer, kwds)
  File "/data/gpfs/projects/punim2121/anaconda3/envs/scarches/lib/python3.9/site-packages/pandas/io/parsers/readers.py", line 620, in _read
    parser = TextFileReader(filepath_or_buffer, **kwds)
  File "/data/gpfs/projects/punim2121/anaconda3/envs/scarches/lib/python3.9/site-packages/pandas/io/parsers/readers.py", line 1620, in __init__
    self._engine = self._make_engine(f, self.engine)
  File "/data/gpfs/projects/punim2121/anaconda3/envs/scarches/lib/python3.9/site-packages/pandas/io/parsers/readers.py", line 1880, in _make_engine
    self.handles = get_handle(
  File "/data/gpfs/projects/punim2121/anaconda3/envs/scarches/lib/python3.9/site-packages/pandas/io/common.py", line 873, in get_handle
    handle = open(
FileNotFoundError: [Errno 2] No such file or directory: '../data/tb21_22_2984_pats_22_vars_relapse_ext_pats_without_dr_reg_train_tb22_max_num_of_pats.csv'
