Loading anaconda
Activate conda env
tb21_22_2984_pats_22_vars_result_at_end_of_treatment_without_dr_reg_train_tb21
last_therapy_day
125
LogisticRegression
/data/gpfs/projects/punim2121/C-Path/outcome_prediction/outcome_prediction/s9_3_baseline_ML_models_functions.py:2136: SettingWithCopyWarning: 
A value is trying to be set on a copy of a slice from a DataFrame.
Try using .loc[row_indexer,col_indexer] = value instead

See the caveats in the documentation: https://pandas.pydata.org/pandas-docs/stable/user_guide/indexing.html#returning-a-view-versus-a-copy
  de_['RELAPSE']=de_['RELAPSE'].astype(float)
Extracting relapse information...
===========
 tb21_22_2984_pats_22_vars_result_at_end_of_treatment_without_dr_reg_train_tb21 

RESULT_AT_END_OF_TREATMENT  FAVOURABLE  UNFAVOURABLE
STUDYID                                             
TB-1021                           1384            46
TB-1022                           1442            55
pat_ids_ before arm check 2908
1211
Excluded 0 out of 1211 patients (0.0%)


=====================
LogisticRegression
tb21_22_2984_pats_22_vars_result_at_end_of_treatment_without_dr_reg_train_tb21 - 125 - last_therapy_day - LogisticRegression
X_test_ids 747
X_train 461 X_test 747
all pats: 1208
train (461, 27)
Estimating transforms:   0%|          | 0/1000 [00:00<?, ?it/s]Estimating transforms:  16%|█▋        | 165/1000 [00:00<00:00, 1643.86it/s]Estimating transforms:  33%|███▎      | 334/1000 [00:00<00:00, 1669.65it/s]Estimating transforms:  50%|█████     | 501/1000 [00:00<00:00, 1653.47it/s]Estimating transforms:  67%|██████▋   | 667/1000 [00:00<00:00, 1633.86it/s]Estimating transforms:  83%|████████▎ | 831/1000 [00:00<00:00, 1586.67it/s]Estimating transforms: 100%|█████████▉| 995/1000 [00:00<00:00, 1603.90it/s]Estimating transforms: 100%|██████████| 1000/1000 [00:00<00:00, 1617.87it/s]
test (747, 27)
Estimating transforms:   0%|          | 0/1000 [00:00<?, ?it/s]Estimating transforms:  16%|█▋        | 165/1000 [00:00<00:00, 1648.06it/s]Estimating transforms:  34%|███▎      | 336/1000 [00:00<00:00, 1683.87it/s]Estimating transforms:  51%|█████     | 508/1000 [00:00<00:00, 1697.11it/s]Estimating transforms:  68%|██████▊   | 680/1000 [00:00<00:00, 1702.67it/s]Estimating transforms:  85%|████████▌ | 851/1000 [00:00<00:00, 1703.80it/s]Estimating transforms: 100%|██████████| 1000/1000 [00:00<00:00, 1675.84it/s]
Training duration:
Elapsed time:0 hours:0 minutes
