Loading anaconda
Activate conda env
tb21_22_2984_pats_22_vars_result_at_end_of_treatment_without_dr_reg_train_tb21
last_therapy_day
93
XGBoost
/data/gpfs/projects/punim2121/C-Path/outcome_prediction/outcome_prediction/s9_3_baseline_ML_models_functions.py:2136: SettingWithCopyWarning: 
A value is trying to be set on a copy of a slice from a DataFrame.
Try using .loc[row_indexer,col_indexer] = value instead

See the caveats in the documentation: https://pandas.pydata.org/pandas-docs/stable/user_guide/indexing.html#returning-a-view-versus-a-copy
  de_['RELAPSE']=de_['RELAPSE'].astype(float)
 75%|===============     | 1069/1429 [00:11<00:03]        82%|================    | 1170/1429 [00:12<00:02]        89%|==================  | 1272/1429 [00:13<00:01]        96%|=================== | 1374/1429 [00:14<00:00]        68%|==============      | 1018/1489 [00:11<00:05]        75%|===============     | 1119/1489 [00:12<00:03]        82%|================    | 1217/1489 [00:13<00:02]        88%|==================  | 1309/1489 [00:14<00:01]        94%|=================== | 1407/1489 [00:15<00:00]       Extracting relapse information...
===========
 tb21_22_2984_pats_22_vars_result_at_end_of_treatment_without_dr_reg_train_tb21 

RESULT_AT_END_OF_TREATMENT  FAVOURABLE  UNFAVOURABLE
STUDYID                                             
TB-1021                           1384            46
TB-1022                           1442            55
pat_ids_ before arm check 2926
2926
Excluded 0 out of 2926 patients (0.0%)


=====================
XGBoost
tb21_22_2984_pats_22_vars_result_at_end_of_treatment_without_dr_reg_train_tb21 - 93 - last_therapy_day - XGBoost
X_test_ids 1489
X_train 1429 X_test 1489
all pats: 2918
train (1429, 27)
test (1489, 27)
Training duration:
Elapsed time:0 hours:0 minutes
