Loading anaconda
Activate conda env
tb21_22_2984_pats_22_vars_result_at_end_of_treatment_without_dr_reg_train_tb21
last_therapy_day
baseline
LogisticRegression
/data/gpfs/projects/punim2121/C-Path/outcome_prediction/outcome_prediction/s9_3_baseline_ML_models_functions.py:2136: SettingWithCopyWarning: 
A value is trying to be set on a copy of a slice from a DataFrame.
Try using .loc[row_indexer,col_indexer] = value instead

See the caveats in the documentation: https://pandas.pydata.org/pandas-docs/stable/user_guide/indexing.html#returning-a-view-versus-a-copy
  de_['RELAPSE']=de_['RELAPSE'].astype(float)
Extracting relapse information...
===========
 tb21_22_2984_pats_22_vars_result_at_end_of_treatment_without_dr_reg_train_tb21 

RESULT_AT_END_OF_TREATMENT  FAVOURABLE  UNFAVOURABLE
STUDYID                                             
TB-1021                           1384            46
TB-1022                           1442            55
pat_ids_ before arm check 2927
2927

=====================
LogisticRegression
tb21_22_2984_pats_22_vars_result_at_end_of_treatment_without_dr_reg_train_tb21 - baseline - last_therapy_day - LogisticRegression
X_test_ids 1446
X_train 1428 X_test 1446
all pats: 2874
train (1428, 26)
Estimating transforms:   0%|          | 0/1000 [00:00<?, ?it/s]Estimating transforms:  18%|█▊        | 181/1000 [00:00<00:00, 1807.49it/s]Estimating transforms:  36%|███▌      | 362/1000 [00:00<00:00, 1787.17it/s]Estimating transforms:  54%|█████▍    | 541/1000 [00:00<00:00, 1770.76it/s]Estimating transforms:  72%|███████▏  | 719/1000 [00:00<00:00, 1770.86it/s]Estimating transforms:  90%|████████▉ | 898/1000 [00:00<00:00, 1777.26it/s]Estimating transforms: 100%|██████████| 1000/1000 [00:00<00:00, 1778.55it/s]
test (1446, 26)
Estimating transforms:   0%|          | 0/1000 [00:00<?, ?it/s]Estimating transforms:  18%|█▊        | 179/1000 [00:00<00:00, 1780.44it/s]Estimating transforms:  36%|███▌      | 358/1000 [00:00<00:00, 1771.83it/s]Estimating transforms:  54%|█████▎    | 536/1000 [00:00<00:00, 1732.78it/s]Estimating transforms:  71%|███████▏  | 713/1000 [00:00<00:00, 1746.90it/s]Estimating transforms:  89%|████████▉ | 891/1000 [00:00<00:00, 1756.87it/s]Estimating transforms: 100%|██████████| 1000/1000 [00:00<00:00, 1756.87it/s]
Training duration:
Elapsed time:0 hours:0 minutes
